| maxerror | transition | numqueries | seed | tuned | match_i | recall_i | visits_i |
|---|---|---|---|---|---|---|---|
| 0.02 | (-1, 1) | 64 | 1 | bsize=10 Δ=1.07 | 0.5499 | 0.915 | 652 |
| 0.02 | (-1, 1) | 64 | 2 | bsize=8 Δ=1.05 | 0.6767 | 0.894 | 588 |
| 0.02 | (-1, 1) | 64 | 3 | bsize=10 Δ=1.08 | 0.5484 | 0.917 | 660 |
| 0.02 | (-1, 1) | 64 | 4 | bsize=9 Δ=1.05 | 0.6583 | 0.900 | 606 |
| 0.02 | (-1, 1) | 64 | 5 | bsize=17 Δ=1.10 | 0.0407 | 0.939 | 842 |
| 0.02 | (-1, 1) | 64 | 6 | bsize=8 Δ=1.08 | 0.4330 | 0.910 | 632 |
| 0.02 | (-1, 1) | 64 | 7 | bsize=9 Δ=1.06 | 0.6391 | 0.904 | 619 |
| 0.02 | (-1, 1) | 64 | 8 | bsize=14 Δ=1.09 | 0.0445 | 0.932 | 764 |
| 0.02 | (-1, 1) | 256 | 1 | bsize=14 Δ=1.08 | 0.0458 | 0.929 | 747 |
| 0.02 | (-1, 1) | 256 | 2 | bsize=13 Δ=1.08 | 0.0481 | 0.927 | 728 |
| 0.02 | (-1, 1) | 256 | 3 | bsize=12 Δ=1.10 | 0.0471 | 0.931 | 752 |
| 0.02 | (-1, 1) | 256 | 4 | bsize=12 Δ=1.07 | 0.2555 | 0.921 | 692 |
| 0.02 | (-1, 1) | 256 | 5 | bsize=12 Δ=1.08 | 0.0503 | 0.925 | 710 |
| 0.02 | (-1, 1) | 256 | 6 | bsize=13 Δ=1.09 | 0.0455 | 0.930 | 746 |
| 0.02 | (-1, 1) | 256 | 7 | bsize=13 Δ=1.10 | 0.0442 | 0.933 | 766 |
| 0.02 | (-1, 1) | 256 | 8 | bsize=15 Δ=1.09 | 0.0441 | 0.933 | 783 |
| 0.02 | (0, 2) | 64 | 1 | bsize=10 Δ=1.04 | 0.5996 | 0.900 | 613 |
| 0.02 | (0, 2) | 64 | 2 | bsize=4 Δ=1.05 | 0.9372 | 0.849 | 506 |
| 0.02 | (0, 2) | 64 | 3 | bsize=12 Δ=1.02 | 0.3389 | 0.899 | 637 |
| 0.02 | (0, 2) | 64 | 4 | bsize=6 Δ=1.05 | 0.7241 | 0.880 | 550 |
| 0.02 | (0, 2) | 64 | 5 | bsize=9 Δ=1.00 | 0.7405 | 0.867 | 555 |
| 0.02 | (0, 2) | 64 | 6 | bsize=8 Δ=1.05 | 0.6777 | 0.893 | 585 |
| 0.02 | (0, 2) | 64 | 7 | bsize=9 Δ=1.04 | 0.6811 | 0.894 | 594 |
| 0.02 | (0, 2) | 64 | 8 | bsize=12 Δ=1.04 | 0.3023 | 0.907 | 652 |
| 0.02 | (0, 2) | 256 | 1 | bsize=12 Δ=1.02 | 0.3389 | 0.899 | 637 |
| 0.02 | (0, 2) | 256 | 2 | bsize=12 Δ=1.02 | 0.3389 | 0.899 | 637 |
| 0.02 | (0, 2) | 256 | 3 | bsize=12 Δ=1.02 | 0.3510 | 0.896 | 632 |
| 0.02 | (0, 2) | 256 | 4 | bsize=12 Δ=1.02 | 0.3510 | 0.896 | 632 |
| 0.02 | (0, 2) | 256 | 5 | bsize=14 Δ=1.03 | 0.2947 | 0.908 | 680 |
| 0.02 | (0, 2) | 256 | 6 | bsize=13 Δ=1.00 | 0.1896 | 0.886 | 643 |
| 0.02 | (0, 2) | 256 | 7 | bsize=12 Δ=1.02 | 0.3510 | 0.896 | 632 |
| 0.02 | (0, 2) | 256 | 8 | bsize=12 Δ=1.01 | 0.4072 | 0.889 | 624 |
| 0.02 | (-2, 0) | 64 | 1 | bsize=8 Δ=1.09 | 0.4303 | 0.914 | 647 |
| 0.02 | (-2, 0) | 64 | 2 | bsize=10 Δ=1.06 | 0.5565 | 0.910 | 638 |
| 0.02 | (-2, 0) | 64 | 3 | bsize=16 Δ=1.08 | 0.2479 | 0.931 | 776 |
| 0.02 | (-2, 0) | 64 | 4 | bsize=10 Δ=1.09 | 0.3422 | 0.922 | 687 |
| 0.02 | (-2, 0) | 64 | 5 | bsize=13 Δ=1.17 | 0.0374 | 0.949 | 984 |
| 0.02 | (-2, 0) | 64 | 6 | bsize=9 Δ=1.16 | 0.4072 | 0.938 | 837 |
| 0.02 | (-2, 0) | 64 | 7 | bsize=10 Δ=1.15 | 0.3308 | 0.941 | 853 |
| 0.02 | (-2, 0) | 64 | 8 | bsize=16 Δ=1.12 | 0.0394 | 0.942 | 872 |
| 0.02 | (-2, 0) | 256 | 1 | bsize=14 Δ=1.15 | 0.0383 | 0.946 | 930 |
| 0.02 | (-2, 0) | 256 | 2 | bsize=17 Δ=1.17 | 0.0350 | 0.953 | 1074 |
| 0.02 | (-2, 0) | 256 | 3 | bsize=14 Δ=1.18 | 0.0364 | 0.951 | 1035 |
| 0.02 | (-2, 0) | 256 | 4 | bsize=13 Δ=1.16 | 0.0382 | 0.947 | 943 |
| 0.02 | (-2, 0) | 256 | 5 | bsize=17 Δ=1.17 | 0.0350 | 0.953 | 1074 |
| 0.02 | (-2, 0) | 256 | 6 | bsize=14 Δ=1.18 | 0.0362 | 0.951 | 1053 |
| 0.02 | (-2, 0) | 256 | 7 | bsize=16 Δ=1.17 | 0.0353 | 0.952 | 1052 |
| 0.02 | (-2, 0) | 256 | 8 | bsize=14 Δ=1.15 | 0.0380 | 0.947 | 947 |
| 0.05 | (-1, 1) | 64 | 1 | bsize=10 Δ=1.05 | 0.5753 | 0.905 | 625 |
| 0.05 | (-1, 1) | 64 | 2 | bsize=4 Δ=1.08 | 0.8602 | 0.867 | 534 |
| 0.05 | (-1, 1) | 64 | 3 | bsize=12 Δ=1.07 | 0.2555 | 0.921 | 692 |
| 0.05 | (-1, 1) | 64 | 4 | bsize=8 Δ=1.05 | 0.6767 | 0.894 | 588 |
| 0.05 | (-1, 1) | 64 | 5 | bsize=15 Δ=1.00 | 0.1840 | 0.890 | 688 |
| 0.05 | (-1, 1) | 64 | 6 | bsize=6 Δ=1.09 | 0.4669 | 0.902 | 604 |
| 0.05 | (-1, 1) | 64 | 7 | bsize=9 Δ=1.04 | 0.6811 | 0.894 | 594 |
| 0.05 | (-1, 1) | 64 | 8 | bsize=12 Δ=1.10 | 0.0476 | 0.931 | 747 |
| 0.05 | (-1, 1) | 256 | 1 | bsize=13 Δ=1.08 | 0.0481 | 0.927 | 728 |
| 0.05 | (-1, 1) | 256 | 2 | bsize=12 Δ=1.08 | 0.2546 | 0.922 | 700 |
| 0.05 | (-1, 1) | 256 | 3 | bsize=12 Δ=1.09 | 0.0490 | 0.928 | 727 |
| 0.05 | (-1, 1) | 256 | 4 | bsize=12 Δ=1.08 | 0.2546 | 0.922 | 700 |
| 0.05 | (-1, 1) | 256 | 5 | bsize=12 Δ=1.08 | 0.0503 | 0.925 | 710 |
| 0.05 | (-1, 1) | 256 | 6 | bsize=12 Δ=1.09 | 0.0490 | 0.928 | 727 |
| 0.05 | (-1, 1) | 256 | 7 | bsize=12 Δ=1.09 | 0.0490 | 0.928 | 727 |
| 0.05 | (-1, 1) | 256 | 8 | bsize=12 Δ=1.10 | 0.0471 | 0.931 | 752 |
| 0.05 | (0, 2) | 64 | 1 | bsize=9 Δ=1.01 | 0.8419 | 0.875 | 564 |
| 0.05 | (0, 2) | 64 | 2 | bsize=4 Δ=1.05 | 0.9394 | 0.847 | 503 |
| 0.05 | (0, 2) | 64 | 3 | bsize=11 Δ=1.00 | 0.4130 | 0.879 | 599 |
| 0.05 | (0, 2) | 64 | 4 | bsize=6 Δ=1.00 | 1.0065 | 0.844 | 502 |
| 0.05 | (0, 2) | 64 | 5 | bsize=9 Δ=0.98 | 0.9428 | 0.843 | 543 |
| 0.05 | (0, 2) | 64 | 6 | bsize=10 Δ=1.02 | 0.7021 | 0.888 | 592 |
| 0.05 | (0, 2) | 64 | 7 | bsize=8 Δ=0.98 | 1.0462 | 0.834 | 521 |
| 0.05 | (0, 2) | 64 | 8 | bsize=12 Δ=1.02 | 0.3389 | 0.899 | 637 |
| 0.05 | (0, 2) | 256 | 1 | bsize=11 Δ=1.00 | 0.4130 | 0.879 | 599 |
| 0.05 | (0, 2) | 256 | 2 | bsize=13 Δ=1.05 | 0.2776 | 0.914 | 682 |
| 0.05 | (0, 2) | 256 | 3 | bsize=12 Δ=1.01 | 0.4072 | 0.889 | 624 |
| 0.05 | (0, 2) | 256 | 4 | bsize=12 Δ=1.02 | 0.3515 | 0.898 | 635 |
| 0.05 | (0, 2) | 256 | 5 | bsize=12 Δ=1.05 | 0.2806 | 0.911 | 661 |
| 0.05 | (0, 2) | 256 | 6 | bsize=11 Δ=1.00 | 0.4130 | 0.879 | 599 |
| 0.05 | (0, 2) | 256 | 7 | bsize=12 Δ=1.02 | 0.3510 | 0.896 | 632 |
| 0.05 | (0, 2) | 256 | 8 | bsize=12 Δ=1.02 | 0.3510 | 0.896 | 632 |
| 0.05 | (-2, 0) | 64 | 1 | bsize=8 Δ=1.09 | 0.4303 | 0.914 | 647 |
| 0.05 | (-2, 0) | 64 | 2 | bsize=10 Δ=1.08 | 0.3435 | 0.919 | 670 |
| 0.05 | (-2, 0) | 64 | 3 | bsize=15 Δ=1.08 | 0.0453 | 0.931 | 765 |
| 0.05 | (-2, 0) | 64 | 4 | bsize=10 Δ=1.09 | 0.3422 | 0.922 | 687 |
| 0.05 | (-2, 0) | 64 | 5 | bsize=14 Δ=1.00 | 0.1850 | 0.888 | 665 |
| 0.05 | (-2, 0) | 64 | 6 | bsize=10 Δ=1.09 | 0.3422 | 0.922 | 687 |
| 0.05 | (-2, 0) | 64 | 7 | bsize=8 Δ=1.05 | 0.6767 | 0.894 | 588 |
| 0.05 | (-2, 0) | 64 | 8 | bsize=16 Δ=1.12 | 0.0394 | 0.942 | 872 |
| 0.05 | (-2, 0) | 256 | 1 | bsize=14 Δ=1.15 | 0.0380 | 0.947 | 947 |
| 0.05 | (-2, 0) | 256 | 2 | bsize=13 Δ=1.19 | 0.0235 | 0.951 | 1055 |
| 0.05 | (-2, 0) | 256 | 3 | bsize=17 Δ=1.19 | 0.0214 | 0.954 | 1149 |
| 0.05 | (-2, 0) | 256 | 4 | bsize=14 Δ=1.15 | 0.0380 | 0.947 | 947 |
| 0.05 | (-2, 0) | 256 | 5 | bsize=13 Δ=1.17 | 0.0374 | 0.949 | 984 |
| 0.05 | (-2, 0) | 256 | 6 | bsize=16 Δ=1.19 | 0.0217 | 0.954 | 1127 |
| 0.05 | (-2, 0) | 256 | 7 | bsize=16 Δ=1.19 | 0.0088 | 0.954 | 1134 |
| 0.05 | (-2, 0) | 256 | 8 | bsize=14 Δ=1.15 | 0.0380 | 0.947 | 947 |
Precompiling packages...
   8803.5 ms  ✓ SimilaritySearch
  1 dependency successfully precompiled in 9 seconds. 97 already precompiled.
[ Info: 2026-10-02T15:09:56.240 built in 50.8 s; construction left BeamSearch(bsize=17, Δ=1.21, maxvisits=12334)
[ Info: 2026-10-02T15:10:17.834 gold distances for 10500 held-out queries: k-th neighbor median 0.7164093

SUMMARY (mean ± std across 8 seeds; external macro match error against its target, recall@10, visits)
| maxerror | transition | numqueries | match_i | recall_i | visits_i | bsize range |
|---|---|---|---|---|---|---|
| 0.02 | (-1, 1) | 64 | 0.4488 ± 0.2625 | 0.914 ± 0.015 | 670 ± 87 | 8-17 |
| 0.02 | (-1, 1) | 256 | 0.0726 ± 0.0740 | 0.929 ± 0.004 | 740 ± 30 | 12-15 |
| 0.02 | (0, 2) | 64 | 0.6252 ± 0.2115 | 0.886 ± 0.020 | 586 ± 48 | 4-12 |
| 0.02 | (0, 2) | 256 | 0.3278 ± 0.0636 | 0.896 ± 0.007 | 640 ± 17 | 12-14 |
| 0.02 | (-2, 0) | 64 | 0.2990 ± 0.1838 | 0.931 ± 0.014 | 787 ± 122 | 8-16 |
| 0.02 | (-2, 0) | 256 | 0.0366 ± 0.0014 | 0.950 ± 0.003 | 1013 ± 62 | 13-17 |
| 0.05 | (-1, 1) | 64 | 0.4684 ± 0.2820 | 0.900 ± 0.019 | 634 ± 69 | 4-15 |
| 0.05 | (-1, 1) | 256 | 0.1002 ± 0.0953 | 0.926 ± 0.003 | 721 ± 18 | 12-13 |
| 0.05 | (0, 2) | 64 | 0.7788 ± 0.2708 | 0.864 ± 0.024 | 558 ± 49 | 4-12 |
| 0.05 | (0, 2) | 256 | 0.3556 ± 0.0548 | 0.895 ± 0.013 | 633 ± 28 | 11-13 |
| 0.05 | (-2, 0) | 64 | 0.3006 ± 0.2105 | 0.917 ± 0.018 | 698 ± 86 | 8-16 |
| 0.05 | (-2, 0) | 256 | 0.0284 ± 0.0111 | 0.950 ± 0.003 | 1036 ± 91 | 13-17 |
exit 0
