| maxerror | transition | numqueries | seed | tuned | match_i | recall_i | visits_i |
|---|---|---|---|---|---|---|---|
| 0.02 | (-1, 1) | 64 | 1 | bsize=9 Δ=1.09 | 0.0193 | 0.920 | 674 |
| 0.02 | (-1, 1) | 64 | 2 | bsize=9 Δ=1.00 | 0.0455 | 0.876 | 567 |
| 0.02 | (-1, 1) | 64 | 3 | bsize=9 Δ=1.04 | 0.0303 | 0.900 | 603 |
| 0.02 | (-1, 1) | 64 | 4 | bsize=19 Δ=1.06 | 0.0149 | 0.931 | 813 |
| 0.02 | (-1, 1) | 64 | 5 | bsize=10 Δ=1.08 | 0.0197 | 0.920 | 675 |
| 0.02 | (-1, 1) | 64 | 6 | bsize=10 Δ=1.08 | 0.0205 | 0.918 | 668 |
| 0.02 | (-1, 1) | 64 | 7 | bsize=10 Δ=1.08 | 0.0197 | 0.920 | 675 |
| 0.02 | (-1, 1) | 64 | 8 | bsize=10 Δ=1.02 | 0.0343 | 0.893 | 601 |
| 0.02 | (-1, 1) | 256 | 1 | bsize=11 Δ=1.05 | 0.0233 | 0.913 | 651 |
| 0.02 | (-1, 1) | 256 | 2 | bsize=7 Δ=1.10 | 0.0208 | 0.916 | 654 |
| 0.02 | (-1, 1) | 256 | 3 | bsize=10 Δ=1.08 | 0.0201 | 0.919 | 669 |
| 0.02 | (-1, 1) | 256 | 4 | bsize=8 Δ=1.13 | 0.0152 | 0.930 | 733 |
| 0.02 | (-1, 1) | 256 | 5 | bsize=12 Δ=1.06 | 0.0205 | 0.919 | 682 |
| 0.02 | (-1, 1) | 256 | 6 | bsize=10 Δ=1.11 | 0.0148 | 0.930 | 732 |
| 0.02 | (-1, 1) | 256 | 7 | bsize=10 Δ=1.11 | 0.0148 | 0.930 | 732 |
| 0.02 | (-1, 1) | 256 | 8 | bsize=10 Δ=1.07 | 0.0212 | 0.917 | 660 |
| 0.02 | (0, 2) | 64 | 1 | bsize=6 Δ=1.05 | 0.0365 | 0.886 | 559 |
| 0.02 | (0, 2) | 64 | 2 | bsize=8 Δ=1.00 | 0.0488 | 0.870 | 548 |
| 0.02 | (0, 2) | 64 | 3 | bsize=7 Δ=1.00 | 0.0535 | 0.862 | 530 |
| 0.02 | (0, 2) | 64 | 4 | bsize=16 Δ=1.00 | 0.0338 | 0.897 | 706 |
| 0.02 | (0, 2) | 64 | 5 | bsize=9 Δ=1.06 | 0.0254 | 0.908 | 628 |
| 0.02 | (0, 2) | 64 | 6 | bsize=6 Δ=1.06 | 0.0338 | 0.891 | 571 |
| 0.02 | (0, 2) | 64 | 7 | bsize=6 Δ=1.08 | 0.0287 | 0.900 | 597 |
| 0.02 | (0, 2) | 64 | 8 | bsize=5 Δ=1.05 | 0.0433 | 0.873 | 536 |
| 0.02 | (0, 2) | 256 | 1 | bsize=8 Δ=1.05 | 0.0296 | 0.900 | 597 |
| 0.02 | (0, 2) | 256 | 2 | bsize=6 Δ=1.08 | 0.0295 | 0.899 | 592 |
| 0.02 | (0, 2) | 256 | 3 | bsize=10 Δ=1.05 | 0.0250 | 0.909 | 633 |
| 0.02 | (0, 2) | 256 | 4 | bsize=8 Δ=1.08 | 0.0244 | 0.910 | 630 |
| 0.02 | (0, 2) | 256 | 5 | bsize=10 Δ=1.06 | 0.0232 | 0.913 | 646 |
| 0.02 | (0, 2) | 256 | 6 | bsize=8 Δ=1.08 | 0.0244 | 0.910 | 630 |
| 0.02 | (0, 2) | 256 | 7 | bsize=10 Δ=1.08 | 0.0197 | 0.920 | 675 |
| 0.02 | (0, 2) | 256 | 8 | bsize=8 Δ=1.06 | 0.0275 | 0.904 | 609 |
| 0.02 | (-2, 0) | 64 | 1 | bsize=13 Δ=1.08 | 0.0172 | 0.926 | 722 |
| 0.02 | (-2, 0) | 64 | 2 | bsize=10 Δ=1.08 | 0.0197 | 0.920 | 675 |
| 0.02 | (-2, 0) | 64 | 3 | bsize=6 Δ=1.10 | 0.0238 | 0.909 | 628 |
| 0.02 | (-2, 0) | 64 | 4 | bsize=15 Δ=1.12 | 0.0102 | 0.942 | 856 |
| 0.02 | (-2, 0) | 64 | 5 | bsize=13 Δ=1.08 | 0.0165 | 0.927 | 731 |
| 0.02 | (-2, 0) | 64 | 6 | bsize=11 Δ=1.10 | 0.0148 | 0.930 | 731 |
| 0.02 | (-2, 0) | 64 | 7 | bsize=16 Δ=1.03 | 0.0239 | 0.913 | 723 |
| 0.02 | (-2, 0) | 64 | 8 | bsize=10 Δ=1.07 | 0.0212 | 0.917 | 660 |
| 0.02 | (-2, 0) | 256 | 1 | bsize=13 Δ=1.08 | 0.0169 | 0.926 | 724 |
| 0.02 | (-2, 0) | 256 | 2 | bsize=10 Δ=1.08 | 0.0197 | 0.920 | 675 |
| 0.02 | (-2, 0) | 256 | 3 | bsize=10 Δ=1.11 | 0.0148 | 0.930 | 732 |
| 0.02 | (-2, 0) | 256 | 4 | bsize=14 Δ=1.12 | 0.0106 | 0.941 | 836 |
| 0.02 | (-2, 0) | 256 | 5 | bsize=10 Δ=1.10 | 0.0155 | 0.928 | 716 |
| 0.02 | (-2, 0) | 256 | 6 | bsize=12 Δ=1.10 | 0.0136 | 0.933 | 755 |
| 0.02 | (-2, 0) | 256 | 7 | bsize=15 Δ=1.10 | 0.0119 | 0.937 | 813 |
| 0.02 | (-2, 0) | 256 | 8 | bsize=13 Δ=1.08 | 0.0165 | 0.927 | 731 |
| 0.05 | (-1, 1) | 64 | 1 | bsize=8 Δ=1.05 | 0.0296 | 0.900 | 597 |
| 0.05 | (-1, 1) | 64 | 2 | bsize=4 Δ=1.08 | 0.0450 | 0.871 | 538 |
| 0.05 | (-1, 1) | 64 | 3 | bsize=4 Δ=1.05 | 0.0535 | 0.856 | 512 |
| 0.05 | (-1, 1) | 64 | 4 | bsize=6 Δ=1.08 | 0.0295 | 0.899 | 592 |
| 0.05 | (-1, 1) | 64 | 5 | bsize=9 Δ=1.06 | 0.0254 | 0.908 | 628 |
| 0.05 | (-1, 1) | 64 | 6 | bsize=6 Δ=1.05 | 0.0377 | 0.884 | 556 |
| 0.05 | (-1, 1) | 64 | 7 | bsize=6 Δ=1.08 | 0.0287 | 0.900 | 597 |
| 0.05 | (-1, 1) | 64 | 8 | bsize=5 Δ=1.04 | 0.0457 | 0.869 | 529 |
| 0.05 | (-1, 1) | 256 | 1 | bsize=6 Δ=1.04 | 0.0401 | 0.880 | 549 |
| 0.05 | (-1, 1) | 256 | 2 | bsize=6 Δ=1.02 | 0.0481 | 0.868 | 529 |
| 0.05 | (-1, 1) | 256 | 3 | bsize=10 Δ=1.00 | 0.0432 | 0.880 | 586 |
| 0.05 | (-1, 1) | 256 | 4 | bsize=6 Δ=1.07 | 0.0307 | 0.896 | 584 |
| 0.05 | (-1, 1) | 256 | 5 | bsize=7 Δ=1.05 | 0.0321 | 0.895 | 578 |
| 0.05 | (-1, 1) | 256 | 6 | bsize=6 Δ=1.05 | 0.0365 | 0.886 | 559 |
| 0.05 | (-1, 1) | 256 | 7 | bsize=4 Δ=1.08 | 0.0450 | 0.871 | 538 |
| 0.05 | (-1, 1) | 256 | 8 | bsize=7 Δ=1.01 | 0.0476 | 0.870 | 538 |
| 0.05 | (0, 2) | 64 | 1 | bsize=8 Δ=1.02 | 0.0381 | 0.886 | 568 |
| 0.05 | (0, 2) | 64 | 2 | bsize=3 Δ=1.02 | 0.0845 | 0.811 | 458 |
| 0.05 | (0, 2) | 64 | 3 | bsize=4 Δ=1.03 | 0.0664 | 0.842 | 487 |
| 0.05 | (0, 2) | 64 | 4 | bsize=5 Δ=1.01 | 0.0619 | 0.846 | 500 |
| 0.05 | (0, 2) | 64 | 5 | bsize=5 Δ=1.06 | 0.0389 | 0.880 | 550 |
| 0.05 | (0, 2) | 64 | 6 | bsize=8 Δ=1.01 | 0.0437 | 0.877 | 556 |
| 0.05 | (0, 2) | 64 | 7 | bsize=6 Δ=1.02 | 0.0465 | 0.870 | 532 |
| 0.05 | (0, 2) | 64 | 8 | bsize=5 Δ=1.03 | 0.0507 | 0.862 | 519 |
| 0.05 | (0, 2) | 256 | 1 | bsize=10 Δ=1.02 | 0.0332 | 0.895 | 605 |
| 0.05 | (0, 2) | 256 | 2 | bsize=8 Δ=1.02 | 0.0377 | 0.886 | 570 |
| 0.05 | (0, 2) | 256 | 3 | bsize=6 Δ=1.02 | 0.0465 | 0.870 | 532 |
| 0.05 | (0, 2) | 256 | 4 | bsize=4 Δ=1.08 | 0.0450 | 0.871 | 538 |
| 0.05 | (0, 2) | 256 | 5 | bsize=5 Δ=1.04 | 0.0457 | 0.869 | 529 |
| 0.05 | (0, 2) | 256 | 6 | bsize=7 Δ=1.02 | 0.0418 | 0.879 | 551 |
| 0.05 | (0, 2) | 256 | 7 | bsize=8 Δ=1.02 | 0.0381 | 0.886 | 568 |
| 0.05 | (0, 2) | 256 | 8 | bsize=6 Δ=1.00 | 0.0589 | 0.853 | 512 |
| 0.05 | (-2, 0) | 64 | 1 | bsize=13 Δ=1.07 | 0.0181 | 0.924 | 714 |
| 0.05 | (-2, 0) | 64 | 2 | bsize=4 Δ=1.08 | 0.0450 | 0.871 | 538 |
| 0.05 | (-2, 0) | 64 | 3 | bsize=5 Δ=1.10 | 0.0282 | 0.900 | 602 |
| 0.05 | (-2, 0) | 64 | 4 | bsize=16 Δ=1.00 | 0.0338 | 0.897 | 706 |
| 0.05 | (-2, 0) | 64 | 5 | bsize=10 Δ=1.08 | 0.0205 | 0.918 | 668 |
| 0.05 | (-2, 0) | 64 | 6 | bsize=8 Δ=1.08 | 0.0244 | 0.910 | 630 |
| 0.05 | (-2, 0) | 64 | 7 | bsize=16 Δ=1.03 | 0.0239 | 0.913 | 723 |
| 0.05 | (-2, 0) | 64 | 8 | bsize=6 Δ=1.00 | 0.0650 | 0.845 | 504 |
| 0.05 | (-2, 0) | 256 | 1 | bsize=6 Δ=1.05 | 0.0365 | 0.886 | 559 |
| 0.05 | (-2, 0) | 256 | 2 | bsize=8 Δ=1.01 | 0.0437 | 0.877 | 556 |
| 0.05 | (-2, 0) | 256 | 3 | bsize=8 Δ=1.05 | 0.0296 | 0.900 | 597 |
| 0.05 | (-2, 0) | 256 | 4 | bsize=9 Δ=1.06 | 0.0254 | 0.908 | 628 |
| 0.05 | (-2, 0) | 256 | 5 | bsize=9 Δ=1.06 | 0.0254 | 0.908 | 628 |
| 0.05 | (-2, 0) | 256 | 6 | bsize=6 Δ=1.08 | 0.0296 | 0.898 | 590 |
| 0.05 | (-2, 0) | 256 | 7 | bsize=6 Δ=1.05 | 0.0365 | 0.886 | 559 |
| 0.05 | (-2, 0) | 256 | 8 | bsize=6 Δ=1.05 | 0.0365 | 0.886 | 559 |
[ Info: 2026-10-02T15:19:11.208 built in 49.5 s; construction left BeamSearch(bsize=12, Δ=1.17, maxvisits=8898)
[ Info: 2026-10-02T15:19:33.420 gold distances for 10500 held-out queries: k-th neighbor median 0.7164093

SUMMARY (mean ± std across 8 seeds; external macro match error against its target, recall@10, visits)
| maxerror | transition | numqueries | match_i | recall_i | visits_i | bsize range |
|---|---|---|---|---|---|---|
| 0.02 | (-1, 1) | 64 | 0.0255 ± 0.0103 | 0.910 ± 0.018 | 660 ± 75 | 9-19 |
| 0.02 | (-1, 1) | 256 | 0.0188 ± 0.0034 | 0.922 ± 0.007 | 689 ± 37 | 7-12 |
| 0.02 | (0, 2) | 64 | 0.0380 ± 0.0098 | 0.886 ± 0.016 | 584 ± 59 | 5-16 |
| 0.02 | (0, 2) | 256 | 0.0254 ± 0.0034 | 0.908 ± 0.007 | 627 ± 27 | 6-10 |
| 0.02 | (-2, 0) | 64 | 0.0184 ± 0.0047 | 0.923 ± 0.010 | 716 ± 68 | 6-16 |
| 0.02 | (-2, 0) | 256 | 0.0149 ± 0.0029 | 0.930 ± 0.007 | 748 ± 53 | 10-15 |
| 0.05 | (-1, 1) | 64 | 0.0369 ± 0.0102 | 0.886 ± 0.019 | 568 ± 41 | 4-9 |
| 0.05 | (-1, 1) | 256 | 0.0404 ± 0.0067 | 0.881 ± 0.011 | 558 ± 22 | 4-10 |
| 0.05 | (0, 2) | 64 | 0.0538 ± 0.0160 | 0.859 ± 0.025 | 521 ± 38 | 3-8 |
| 0.05 | (0, 2) | 256 | 0.0434 ± 0.0078 | 0.876 ± 0.013 | 551 ± 29 | 4-10 |
| 0.05 | (-2, 0) | 64 | 0.0324 ± 0.0157 | 0.897 ± 0.027 | 636 ± 83 | 4-16 |
| 0.05 | (-2, 0) | 256 | 0.0329 ± 0.0064 | 0.894 ± 0.012 | 584 ± 31 | 6-9 |
exit 0
