| hinge | numqueries | tradeoff | seed | tuned | recall_i | visits_i | recall_o | visits_o |
|---|---|---|---|---|---|---|---|---|
| softplus | 64 | 1.2 | 1 | bsize=9 Δ=1.06 mv=3514 | 0.906 | 620 | 0.849 | 691 |
| softplus | 64 | 1.2 | 2 | bsize=8 Δ=1.02 mv=4366 | 0.880 | 557 | 0.793 | 591 |
| softplus | 64 | 1.2 | 3 | bsize=7 Δ=1.06 mv=4614 | 0.896 | 582 | 0.830 | 644 |
| softplus | 64 | 1.2 | 4 | bsize=9 Δ=1.10 mv=4490 | 0.921 | 684 | 0.875 | 798 |
| softplus | 64 | 1.2 | 5 | bsize=8 Δ=1.09 mv=4348 | 0.914 | 645 | 0.864 | 743 |
| softplus | 64 | 1.2 | 6 | bsize=15 Δ=1.08 mv=4896 | 0.930 | 762 | 0.889 | 864 |
| softplus | 64 | 1.2 | 7 | bsize=13 Δ=1.07 mv=3522 | 0.922 | 707 | 0.873 | 797 |
| softplus | 64 | 1.2 | 8 | bsize=6 Δ=1.10 mv=4714 | 0.908 | 624 | 0.853 | 721 |
| softplus | 64 | 1.5 | 1 | bsize=11 Δ=1.08 mv=3550 | 0.920 | 681 | 0.872 | 774 |
| softplus | 64 | 1.5 | 2 | bsize=12 Δ=1.02 mv=4592 | 0.901 | 637 | 0.826 | 680 |
| softplus | 64 | 1.5 | 3 | bsize=10 Δ=1.06 mv=4660 | 0.911 | 638 | 0.854 | 709 |
| softplus | 64 | 1.5 | 4 | bsize=11 Δ=1.11 mv=4612 | 0.931 | 747 | 0.894 | 893 |
| softplus | 64 | 1.5 | 5 | bsize=8 Δ=1.10 mv=4612 | 0.918 | 664 | 0.869 | 770 |
| softplus | 64 | 1.5 | 6 | bsize=15 Δ=1.13 mv=5212 | 0.943 | 894 | 0.914 | 1102 |
| softplus | 64 | 1.5 | 7 | bsize=13 Δ=1.08 mv=4452 | 0.926 | 724 | 0.883 | 826 |
| softplus | 64 | 1.5 | 8 | bsize=16 Δ=1.07 mv=4714 | 0.928 | 763 | 0.883 | 856 |
| softplus | 64 | 3.0 | 1 | bsize=12 Δ=1.13 mv=7856 | 0.939 | 832 | 0.909 | 1034 |
| softplus | 64 | 3.0 | 2 | bsize=10 Δ=1.10 mv=4776 | 0.926 | 711 | 0.882 | 827 |
| softplus | 64 | 3.0 | 3 | bsize=10 Δ=1.10 mv=4776 | 0.925 | 705 | 0.881 | 819 |
| softplus | 64 | 3.0 | 4 | bsize=20 Δ=1.19 mv=10888 | 0.954 | 1214 | 0.949 | 1716 |
| softplus | 64 | 3.0 | 5 | bsize=8 Δ=1.12 mv=5180 | 0.925 | 706 | 0.880 | 848 |
| softplus | 64 | 3.0 | 6 | bsize=17 Δ=1.16 mv=7718 | 0.950 | 1029 | 0.933 | 1343 |
| softplus | 64 | 3.0 | 7 | bsize=13 Δ=1.14 mv=5842 | 0.942 | 872 | 0.913 | 1088 |
| softplus | 64 | 3.0 | 8 | bsize=17 Δ=1.17 mv=6616 | 0.951 | 1072 | 0.938 | 1454 |
| softplus | 256 | 1.2 | 1 | bsize=8 Δ=1.08 mv=4714 | 0.910 | 629 | 0.860 | 719 |
| softplus | 256 | 1.2 | 2 | bsize=7 Δ=1.09 mv=4956 | 0.909 | 624 | 0.855 | 719 |
| softplus | 256 | 1.2 | 3 | bsize=8 Δ=1.09 mv=5016 | 0.914 | 645 | 0.864 | 743 |
| softplus | 256 | 1.2 | 4 | bsize=9 Δ=1.08 mv=4714 | 0.915 | 649 | 0.864 | 742 |
| softplus | 256 | 1.2 | 5 | bsize=8 Δ=1.08 mv=4706 | 0.910 | 629 | 0.860 | 719 |
| softplus | 256 | 1.2 | 6 | bsize=10 Δ=1.08 mv=4764 | 0.919 | 668 | 0.871 | 764 |
| softplus | 256 | 1.2 | 7 | bsize=10 Δ=1.07 mv=4358 | 0.915 | 653 | 0.864 | 740 |
| softplus | 256 | 1.2 | 8 | bsize=9 Δ=1.08 mv=4714 | 0.915 | 649 | 0.864 | 742 |
| softplus | 256 | 1.5 | 1 | bsize=12 Δ=1.08 mv=4714 | 0.923 | 706 | 0.879 | 809 |
| softplus | 256 | 1.5 | 2 | bsize=9 Δ=1.08 mv=4720 | 0.915 | 649 | 0.864 | 742 |
| softplus | 256 | 1.5 | 3 | bsize=10 Δ=1.10 mv=4776 | 0.926 | 711 | 0.882 | 827 |
| softplus | 256 | 1.5 | 4 | bsize=10 Δ=1.10 mv=4714 | 0.925 | 705 | 0.881 | 819 |
| softplus | 256 | 1.5 | 5 | bsize=8 Δ=1.08 mv=4706 | 0.910 | 629 | 0.860 | 719 |
| softplus | 256 | 1.5 | 6 | bsize=15 Δ=1.07 mv=5032 | 0.926 | 745 | 0.881 | 837 |
| softplus | 256 | 1.5 | 7 | bsize=10 Δ=1.11 mv=5112 | 0.929 | 727 | 0.887 | 861 |
| softplus | 256 | 1.5 | 8 | bsize=8 Δ=1.10 mv=5272 | 0.918 | 664 | 0.869 | 770 |
| softplus | 256 | 3.0 | 1 | bsize=15 Δ=1.10 mv=5180 | 0.935 | 801 | 0.898 | 931 |
| softplus | 256 | 3.0 | 2 | bsize=13 Δ=1.08 mv=4834 | 0.924 | 718 | 0.877 | 814 |
| softplus | 256 | 3.0 | 3 | bsize=9 Δ=1.10 mv=4732 | 0.922 | 690 | 0.875 | 805 |
| softplus | 256 | 3.0 | 4 | bsize=14 Δ=1.10 mv=6524 | 0.933 | 782 | 0.895 | 910 |
| softplus | 256 | 3.0 | 5 | bsize=15 Δ=1.09 mv=5124 | 0.932 | 780 | 0.895 | 896 |
| softplus | 256 | 3.0 | 6 | bsize=15 Δ=1.10 mv=5426 | 0.935 | 801 | 0.898 | 931 |
| softplus | 256 | 3.0 | 7 | bsize=17 Δ=1.10 mv=5350 | 0.938 | 845 | 0.906 | 989 |
| softplus | 256 | 3.0 | 8 | bsize=16 Δ=1.07 mv=4998 | 0.928 | 763 | 0.883 | 856 |
| centered | 64 | 1.2 | 1 | bsize=6 Δ=1.09 mv=3514 | 0.902 | 603 | 0.846 | 687 |
| centered | 64 | 1.2 | 2 | bsize=8 Δ=1.01 mv=4366 | 0.873 | 548 | 0.783 | 572 |
| centered | 64 | 1.2 | 3 | bsize=6 Δ=1.05 mv=4516 | 0.882 | 548 | 0.805 | 595 |
| centered | 64 | 1.2 | 4 | bsize=12 Δ=1.06 mv=4582 | 0.916 | 675 | 0.862 | 747 |
| centered | 64 | 1.2 | 5 | bsize=7 Δ=1.05 mv=3024 | 0.891 | 569 | 0.821 | 625 |
| centered | 64 | 1.2 | 6 | bsize=15 Δ=1.05 mv=4746 | 0.919 | 715 | 0.863 | 779 |
| centered | 64 | 1.2 | 7 | bsize=10 Δ=1.06 mv=3514 | 0.911 | 638 | 0.854 | 709 |
| centered | 64 | 1.2 | 8 | bsize=10 Δ=1.05 mv=4714 | 0.906 | 623 | 0.840 | 680 |
| centered | 64 | 1.5 | 1 | bsize=10 Δ=1.04 mv=3514 | 0.902 | 614 | 0.831 | 666 |
| centered | 64 | 1.5 | 2 | bsize=8 Δ=1.02 mv=4366 | 0.883 | 560 | 0.795 | 597 |
| centered | 64 | 1.5 | 3 | bsize=9 Δ=1.05 mv=4610 | 0.902 | 607 | 0.837 | 669 |
| centered | 64 | 1.5 | 4 | bsize=10 Δ=1.11 mv=4588 | 0.929 | 727 | 0.887 | 861 |
| centered | 64 | 1.5 | 5 | bsize=9 Δ=1.08 mv=4120 | 0.915 | 649 | 0.864 | 742 |
| centered | 64 | 1.5 | 6 | bsize=15 Δ=1.06 mv=4840 | 0.923 | 730 | 0.874 | 804 |
| centered | 64 | 1.5 | 7 | bsize=9 Δ=1.08 mv=3514 | 0.915 | 649 | 0.864 | 742 |
| centered | 64 | 1.5 | 8 | bsize=4 Δ=1.11 mv=4714 | 0.889 | 582 | 0.823 | 678 |
| centered | 64 | 3.0 | 1 | bsize=11 Δ=1.05 mv=3516 | 0.910 | 644 | 0.850 | 707 |
| centered | 64 | 3.0 | 2 | bsize=8 Δ=1.02 mv=4366 | 0.884 | 562 | 0.797 | 599 |
| centered | 64 | 3.0 | 3 | bsize=14 Δ=1.02 mv=4732 | 0.904 | 671 | 0.837 | 716 |
| centered | 64 | 3.0 | 4 | bsize=14 Δ=1.10 mv=5072 | 0.933 | 782 | 0.895 | 910 |
| centered | 64 | 3.0 | 5 | bsize=14 Δ=1.02 mv=3628 | 0.906 | 674 | 0.840 | 721 |
| centered | 64 | 3.0 | 6 | bsize=15 Δ=1.08 mv=5012 | 0.928 | 753 | 0.885 | 851 |
| centered | 64 | 3.0 | 7 | bsize=13 Δ=1.06 mv=3516 | 0.919 | 693 | 0.864 | 765 |
| centered | 64 | 3.0 | 8 | bsize=13 Δ=1.05 mv=4714 | 0.915 | 678 | 0.852 | 739 |
| centered | 256 | 1.2 | 1 | bsize=9 Δ=1.08 mv=4714 | 0.915 | 649 | 0.864 | 742 |
| centered | 256 | 1.2 | 2 | bsize=7 Δ=1.05 mv=4714 | 0.891 | 570 | 0.821 | 625 |
| centered | 256 | 1.2 | 3 | bsize=7 Δ=1.08 mv=4790 | 0.905 | 609 | 0.848 | 694 |
| centered | 256 | 1.2 | 4 | bsize=9 Δ=1.08 mv=4714 | 0.915 | 649 | 0.864 | 742 |
| centered | 256 | 1.2 | 5 | bsize=7 Δ=1.06 mv=4614 | 0.896 | 582 | 0.830 | 644 |
| centered | 256 | 1.2 | 6 | bsize=9 Δ=1.08 mv=4720 | 0.915 | 649 | 0.864 | 742 |
| centered | 256 | 1.2 | 7 | bsize=10 Δ=1.07 mv=4358 | 0.915 | 653 | 0.864 | 740 |
| centered | 256 | 1.2 | 8 | bsize=7 Δ=1.08 mv=4790 | 0.905 | 609 | 0.848 | 694 |
| centered | 256 | 1.5 | 1 | bsize=9 Δ=1.08 mv=4714 | 0.915 | 649 | 0.864 | 742 |
| centered | 256 | 1.5 | 2 | bsize=7 Δ=1.06 mv=4714 | 0.896 | 582 | 0.830 | 644 |
| centered | 256 | 1.5 | 3 | bsize=7 Δ=1.09 mv=4956 | 0.909 | 624 | 0.855 | 719 |
| centered | 256 | 1.5 | 4 | bsize=9 Δ=1.08 mv=4714 | 0.915 | 649 | 0.864 | 742 |
| centered | 256 | 1.5 | 5 | bsize=7 Δ=1.07 mv=4670 | 0.901 | 595 | 0.841 | 674 |
| centered | 256 | 1.5 | 6 | bsize=8 Δ=1.10 mv=4718 | 0.918 | 664 | 0.869 | 770 |
| centered | 256 | 1.5 | 7 | bsize=11 Δ=1.08 mv=4416 | 0.921 | 687 | 0.876 | 783 |
| centered | 256 | 1.5 | 8 | bsize=10 Δ=1.06 mv=4714 | 0.911 | 638 | 0.854 | 709 |
| centered | 256 | 3.0 | 1 | bsize=9 Δ=1.08 mv=4714 | 0.915 | 649 | 0.864 | 742 |
| centered | 256 | 3.0 | 2 | bsize=11 Δ=1.04 mv=4714 | 0.906 | 633 | 0.840 | 687 |
| centered | 256 | 3.0 | 3 | bsize=8 Δ=1.08 mv=4850 | 0.910 | 629 | 0.860 | 719 |
| centered | 256 | 3.0 | 4 | bsize=10 Δ=1.08 mv=4714 | 0.917 | 660 | 0.866 | 754 |
| centered | 256 | 3.0 | 5 | bsize=9 Δ=1.06 mv=4636 | 0.906 | 620 | 0.849 | 691 |
| centered | 256 | 3.0 | 6 | bsize=10 Δ=1.09 mv=4776 | 0.922 | 685 | 0.877 | 794 |
| centered | 256 | 3.0 | 7 | bsize=10 Δ=1.08 mv=4358 | 0.917 | 660 | 0.866 | 754 |
| centered | 256 | 3.0 | 8 | bsize=10 Δ=1.07 mv=4714 | 0.915 | 653 | 0.864 | 740 |
| downward | 64 | 1.2 | 1 | bsize=4 Δ=1.08 mv=3514 | 0.871 | 535 | 0.790 | 591 |
| downward | 64 | 1.2 | 2 | bsize=5 Δ=1.02 mv=4280 | 0.852 | 502 | 0.756 | 528 |
| downward | 64 | 1.2 | 3 | bsize=7 Δ=1.00 mv=4358 | 0.860 | 522 | 0.765 | 542 |
| downward | 64 | 1.2 | 4 | bsize=9 Δ=1.01 mv=4148 | 0.880 | 567 | 0.798 | 595 |
| downward | 64 | 1.2 | 5 | bsize=6 Δ=1.05 mv=2982 | 0.883 | 550 | 0.809 | 603 |
| downward | 64 | 1.2 | 6 | bsize=8 Δ=1.09 mv=4348 | 0.914 | 645 | 0.864 | 743 |
| downward | 64 | 1.2 | 7 | bsize=6 Δ=1.05 mv=3514 | 0.883 | 550 | 0.809 | 603 |
| downward | 64 | 1.2 | 8 | bsize=5 Δ=1.05 mv=4714 | 0.871 | 530 | 0.796 | 574 |
| downward | 64 | 1.5 | 1 | bsize=6 Δ=1.04 mv=3514 | 0.877 | 540 | 0.795 | 582 |
| downward | 64 | 1.5 | 2 | bsize=5 Δ=1.01 mv=4280 | 0.844 | 492 | 0.747 | 515 |
| downward | 64 | 1.5 | 3 | bsize=7 Δ=1.01 mv=4358 | 0.867 | 530 | 0.773 | 555 |
| downward | 64 | 1.5 | 4 | bsize=9 Δ=1.06 mv=4244 | 0.906 | 620 | 0.849 | 691 |
| downward | 64 | 1.5 | 5 | bsize=5 Δ=1.08 mv=3024 | 0.887 | 565 | 0.823 | 636 |
| downward | 64 | 1.5 | 6 | bsize=10 Δ=1.08 mv=4388 | 0.919 | 668 | 0.871 | 764 |
| downward | 64 | 1.5 | 7 | bsize=7 Δ=1.04 mv=3514 | 0.886 | 559 | 0.804 | 603 |
| downward | 64 | 1.5 | 8 | bsize=5 Δ=1.05 mv=4714 | 0.871 | 530 | 0.796 | 574 |
| downward | 64 | 3.0 | 1 | bsize=5 Δ=1.08 mv=3514 | 0.887 | 565 | 0.823 | 636 |
| downward | 64 | 3.0 | 2 | bsize=5 Δ=1.03 mv=4412 | 0.857 | 509 | 0.765 | 539 |
| downward | 64 | 3.0 | 3 | bsize=9 Δ=1.00 mv=4380 | 0.873 | 560 | 0.793 | 588 |
| downward | 64 | 3.0 | 4 | bsize=9 Δ=1.07 mv=4260 | 0.911 | 633 | 0.858 | 721 |
| downward | 64 | 3.0 | 5 | bsize=7 Δ=1.05 mv=3024 | 0.891 | 569 | 0.821 | 625 |
| downward | 64 | 3.0 | 6 | bsize=13 Δ=1.05 mv=4566 | 0.916 | 681 | 0.854 | 745 |
| downward | 64 | 3.0 | 7 | bsize=9 Δ=1.02 mv=3514 | 0.889 | 579 | 0.803 | 617 |
| downward | 64 | 3.0 | 8 | bsize=6 Δ=1.05 mv=4714 | 0.883 | 550 | 0.809 | 603 |
| downward | 256 | 1.2 | 1 | bsize=6 Δ=1.08 mv=4714 | 0.898 | 588 | 0.837 | 665 |
| downward | 256 | 1.2 | 2 | bsize=6 Δ=1.05 mv=4714 | 0.883 | 550 | 0.809 | 603 |
| downward | 256 | 1.2 | 3 | bsize=7 Δ=1.06 mv=4614 | 0.896 | 582 | 0.830 | 644 |
| downward | 256 | 1.2 | 4 | bsize=8 Δ=1.05 mv=4714 | 0.897 | 588 | 0.832 | 648 |
| downward | 256 | 1.2 | 5 | bsize=5 Δ=1.05 mv=4510 | 0.870 | 528 | 0.792 | 568 |
| downward | 256 | 1.2 | 6 | bsize=9 Δ=1.06 mv=4636 | 0.906 | 620 | 0.849 | 691 |
| downward | 256 | 1.2 | 7 | bsize=7 Δ=1.06 mv=4098 | 0.896 | 582 | 0.830 | 644 |
| downward | 256 | 1.2 | 8 | bsize=10 Δ=1.02 mv=4714 | 0.894 | 598 | 0.814 | 640 |
| downward | 256 | 1.5 | 1 | bsize=5 Δ=1.09 mv=4714 | 0.892 | 579 | 0.830 | 655 |
| downward | 256 | 1.5 | 2 | bsize=7 Δ=1.04 mv=4714 | 0.886 | 559 | 0.804 | 603 |
| downward | 256 | 1.5 | 3 | bsize=11 Δ=1.01 mv=4454 | 0.889 | 604 | 0.812 | 641 |
| downward | 256 | 1.5 | 4 | bsize=6 Δ=1.08 mv=4714 | 0.896 | 582 | 0.831 | 655 |
| downward | 256 | 1.5 | 5 | bsize=5 Δ=1.08 mv=4594 | 0.885 | 559 | 0.819 | 628 |
| downward | 256 | 1.5 | 6 | bsize=11 Δ=1.05 mv=4684 | 0.910 | 644 | 0.850 | 707 |
| downward | 256 | 1.5 | 7 | bsize=11 Δ=1.05 mv=4340 | 0.910 | 644 | 0.850 | 707 |
| downward | 256 | 1.5 | 8 | bsize=7 Δ=1.06 mv=4714 | 0.896 | 582 | 0.830 | 644 |
| downward | 256 | 3.0 | 1 | bsize=11 Δ=1.04 mv=4714 | 0.906 | 633 | 0.840 | 687 |
| downward | 256 | 3.0 | 2 | bsize=6 Δ=1.06 mv=4714 | 0.888 | 562 | 0.819 | 620 |
| downward | 256 | 3.0 | 3 | bsize=8 Δ=1.05 mv=4596 | 0.895 | 585 | 0.829 | 641 |
| downward | 256 | 3.0 | 4 | bsize=8 Δ=1.08 mv=4816 | 0.908 | 622 | 0.857 | 709 |
| downward | 256 | 3.0 | 5 | bsize=7 Δ=1.05 mv=4588 | 0.891 | 570 | 0.821 | 625 |
| downward | 256 | 3.0 | 6 | bsize=8 Δ=1.08 mv=4678 | 0.908 | 622 | 0.857 | 709 |
| downward | 256 | 3.0 | 7 | bsize=10 Δ=1.05 mv=4312 | 0.907 | 626 | 0.842 | 686 |
| downward | 256 | 3.0 | 8 | bsize=9 Δ=1.05 mv=4714 | 0.902 | 607 | 0.837 | 669 |
[ Info: 2026-10-02T14:28:57.852 built in 51.2 s; construction left BeamSearch(bsize=8, Δ=1.19, maxvisits=7956)

SUMMARY (mean ± std across 8 seeds; target 0.9; auto width)
| hinge | numqueries | tradeoff | recall_i | visits_i | recall_o | visits_o | bsize range |
|---|---|---|---|---|---|---|---|
| softplus | 64 | 1.2 | 0.910 ± 0.016 | 648 ± 68 | 0.853 ± 0.030 | 731 ± 89 | 6-15 |
| softplus | 64 | 1.5 | 0.922 ± 0.013 | 719 ± 86 | 0.874 ± 0.027 | 826 ± 132 | 8-16 |
| softplus | 64 | 3.0 | 0.939 ± 0.012 | 892 ± 193 | 0.911 ± 0.028 | 1141 ± 332 | 8-20 |
| softplus | 256 | 1.2 | 0.913 ± 0.003 | 643 ± 15 | 0.863 ± 0.005 | 736 ± 16 | 7-10 |
| softplus | 256 | 1.5 | 0.921 ± 0.006 | 692 ± 40 | 0.875 ± 0.010 | 798 ± 49 | 8-15 |
| softplus | 256 | 3.0 | 0.931 ± 0.006 | 773 ± 49 | 0.891 ± 0.011 | 892 ± 63 | 9-17 |
| centered | 64 | 1.2 | 0.900 ± 0.016 | 615 ± 60 | 0.834 ± 0.029 | 674 ± 72 | 6-15 |
| centered | 64 | 1.5 | 0.907 ± 0.016 | 640 ± 62 | 0.847 ± 0.031 | 720 ± 85 | 4-15 |
| centered | 64 | 3.0 | 0.912 ± 0.015 | 682 ± 67 | 0.852 ± 0.030 | 751 ± 95 | 8-15 |
| centered | 256 | 1.2 | 0.907 ± 0.009 | 621 ± 33 | 0.850 ± 0.017 | 703 ± 47 | 7-10 |
| centered | 256 | 1.5 | 0.911 ± 0.009 | 636 ± 35 | 0.857 ± 0.015 | 723 ± 47 | 7-11 |
| centered | 256 | 3.0 | 0.913 ± 0.005 | 649 ± 21 | 0.861 ± 0.011 | 735 ± 35 | 8-11 |
| downward | 64 | 1.2 | 0.877 ± 0.019 | 550 ± 43 | 0.798 ± 0.033 | 597 ± 65 | 4-9 |
| downward | 64 | 1.5 | 0.882 ± 0.023 | 563 ± 56 | 0.807 ± 0.040 | 615 ± 80 | 5-10 |
| downward | 64 | 3.0 | 0.888 ± 0.019 | 581 ± 53 | 0.816 ± 0.031 | 634 ± 68 | 5-13 |
| downward | 256 | 1.2 | 0.892 ± 0.011 | 579 ± 28 | 0.824 ± 0.018 | 638 ± 37 | 5-10 |
| downward | 256 | 1.5 | 0.896 ± 0.010 | 594 ± 34 | 0.828 ± 0.016 | 655 ± 36 | 5-11 |
| downward | 256 | 3.0 | 0.901 ± 0.008 | 603 ± 27 | 0.838 ± 0.014 | 668 ± 36 | 6-11 |
exit 0
