| numqueries | width | tradeoff | seed | tuned | recall_i ± std | visits_i | recall_o | visits_o | tune s |
|---|---|---|---|---|---|---|---|---|---|
| 64 | auto | 1.1 | 1 | bsize=8 Δ=1.08 mv=4234 | 0.905 ± 0.002 | 627 | 0.846 | 686 | 0.4 |
| 64 | auto | 1.1 | 2 | bsize=6 Δ=1.08 mv=2200 | 0.894 ± 0.002 | 594 | 0.830 | 642 | 0.4 |
| 64 | auto | 1.1 | 3 | bsize=8 Δ=1.01 mv=3598 | 0.866 ± 0.002 | 551 | 0.782 | 569 | 0.3 |
| 64 | auto | 1.1 | 4 | bsize=8 Δ=1.05 mv=4302 | 0.892 ± 0.002 | 594 | 0.826 | 636 | 0.3 |
| 64 | auto | 1.1 | 5 | bsize=4 Δ=1.08 mv=3250 | 0.867 ± 0.002 | 547 | 0.774 | 576 | 0.3 |
| 64 | auto | 1.1 | 6 | bsize=8 Δ=1.08 mv=4352 | 0.905 ± 0.002 | 627 | 0.846 | 686 | 0.3 |
| 64 | auto | 1.1 | 7 | bsize=11 Δ=1.05 mv=3508 | 0.906 ± 0.002 | 647 | 0.844 | 693 | 0.3 |
| 64 | auto | 1.1 | 8 | bsize=7 Δ=1.03 mv=4196 | 0.875 ± 0.002 | 554 | 0.797 | 580 | 0.3 |
| 64 | auto | 1.5 | 1 | bsize=12 Δ=1.08 mv=4236 | 0.923 ± 0.002 | 710 | 0.872 | 786 | 0.4 |
| 64 | auto | 1.5 | 2 | bsize=6 Δ=1.11 mv=2886 | 0.907 ± 0.002 | 640 | 0.856 | 726 | 0.3 |
| 64 | auto | 1.5 | 3 | bsize=9 Δ=1.09 mv=5114 | 0.915 ± 0.002 | 670 | 0.867 | 749 | 0.3 |
| 64 | auto | 1.5 | 4 | bsize=14 Δ=1.13 mv=5170 | 0.940 ± 0.002 | 861 | 0.919 | 1033 | 0.4 |
| 64 | auto | 1.5 | 5 | bsize=11 Δ=1.10 mv=5554 | 0.924 ± 0.002 | 727 | 0.887 | 826 | 0.4 |
| 64 | auto | 1.5 | 6 | bsize=13 Δ=1.14 mv=5252 | 0.942 ± 0.001 | 872 | 0.918 | 1061 | 0.4 |
| 64 | auto | 1.5 | 7 | bsize=13 Δ=1.14 mv=6016 | 0.942 ± 0.001 | 872 | 0.919 | 1061 | 0.4 |
| 64 | auto | 1.5 | 8 | bsize=8 Δ=1.15 mv=5218 | 0.932 ± 0.002 | 801 | 0.902 | 994 | 0.3 |
| 64 | auto | 3.0 | 1 | bsize=13 Δ=1.16 mv=8898 | 0.945 ± 0.001 | 933 | 0.924 | 1186 | 0.4 |
| 64 | auto | 3.0 | 2 | bsize=13 Δ=1.10 mv=3344 | 0.931 ± 0.002 | 767 | 0.900 | 875 | 0.4 |
| 64 | auto | 3.0 | 3 | bsize=11 Δ=1.16 mv=7314 | 0.940 ± 0.002 | 883 | 0.918 | 1130 | 0.5 |
| 64 | auto | 3.0 | 4 | bsize=11 Δ=1.30 mv=20968 | 0.960 ± 0.001 | 1904 | 0.955 | 3334 | 0.7 |
| 64 | auto | 3.0 | 5 | bsize=13 Δ=1.16 mv=11028 | 0.946 ± 0.001 | 942 | 0.925 | 1205 | 0.5 |
| 64 | auto | 3.0 | 6 | bsize=13 Δ=1.15 mv=5530 | 0.945 ± 0.001 | 923 | 0.924 | 1170 | 0.3 |
| 64 | auto | 3.0 | 7 | bsize=13 Δ=1.15 mv=7746 | 0.945 ± 0.001 | 923 | 0.924 | 1170 | 0.4 |
| 64 | auto | 3.0 | 8 | bsize=14 Δ=1.15 mv=6620 | 0.945 ± 0.001 | 926 | 0.925 | 1161 | 0.4 |
| 64 | auto | 10.0 | 1 | bsize=14 Δ=1.29 mv=21318 | 0.963 ± 0.001 | 1952 | 0.958 | 3273 | 0.8 |
| 64 | auto | 10.0 | 2 | bsize=8 Δ=1.19 mv=5908 | 0.940 ± 0.002 | 929 | 0.919 | 1245 | 0.4 |
| 64 | auto | 10.0 | 3 | bsize=11 Δ=1.16 mv=7314 | 0.940 ± 0.002 | 883 | 0.918 | 1130 | 0.4 |
| 64 | auto | 10.0 | 4 | bsize=11 Δ=1.31 mv=22918 | 0.961 ± 0.001 | 1986 | 0.956 | 3525 | 0.6 |
| 64 | auto | 10.0 | 5 | bsize=10 Δ=1.19 mv=10952 | 0.944 ± 0.002 | 993 | 0.931 | 1370 | 0.5 |
| 64 | auto | 10.0 | 6 | bsize=15 Δ=1.22 mv=14512 | 0.957 ± 0.001 | 1297 | 0.946 | 1923 | 0.5 |
| 64 | auto | 10.0 | 7 | bsize=13 Δ=1.21 mv=12294 | 0.955 ± 0.001 | 1207 | 0.941 | 1712 | 0.4 |
| 64 | auto | 10.0 | 8 | bsize=11 Δ=1.26 mv=11596 | 0.957 ± 0.001 | 1490 | 0.948 | 2364 | 0.6 |
| 64 | 0.01 | 1.1 | 1 | bsize=10 Δ=1.06 mv=4234 | 0.907 ± 0.002 | 642 | 0.846 | 694 | 0.3 |
| 64 | 0.01 | 1.1 | 2 | bsize=6 Δ=1.08 mv=2200 | 0.894 ± 0.002 | 594 | 0.830 | 642 | 0.3 |
| 64 | 0.01 | 1.1 | 3 | bsize=8 Δ=1.01 mv=3598 | 0.866 ± 0.002 | 552 | 0.787 | 571 | 0.4 |
| 64 | 0.01 | 1.1 | 4 | bsize=8 Δ=1.08 mv=4352 | 0.905 ± 0.002 | 627 | 0.846 | 686 | 0.3 |
| 64 | 0.01 | 1.1 | 5 | bsize=9 Δ=1.02 mv=2680 | 0.880 ± 0.002 | 579 | 0.810 | 606 | 0.4 |
| 64 | 0.01 | 1.1 | 6 | bsize=11 Δ=1.05 mv=4474 | 0.906 ± 0.002 | 647 | 0.844 | 693 | 0.5 |
| 64 | 0.01 | 1.1 | 7 | bsize=10 Δ=1.05 mv=3508 | 0.902 ± 0.002 | 629 | 0.838 | 674 | 0.4 |
| 64 | 0.01 | 1.1 | 8 | bsize=7 Δ=1.02 mv=4196 | 0.868 ± 0.002 | 544 | 0.784 | 567 | 0.3 |
| 64 | 0.01 | 1.5 | 1 | bsize=9 Δ=1.09 mv=4234 | 0.915 ± 0.002 | 670 | 0.867 | 749 | 0.3 |
| 64 | 0.01 | 1.5 | 2 | bsize=9 Δ=1.10 mv=2982 | 0.919 ± 0.002 | 688 | 0.880 | 782 | 0.4 |
| 64 | 0.01 | 1.5 | 3 | bsize=8 Δ=1.06 mv=4856 | 0.898 ± 0.002 | 606 | 0.835 | 655 | 0.3 |
| 64 | 0.01 | 1.5 | 4 | bsize=6 Δ=1.15 mv=4980 | 0.922 ± 0.002 | 741 | 0.887 | 915 | 0.4 |
| 64 | 0.01 | 1.5 | 5 | bsize=12 Δ=1.01 mv=3180 | 0.889 ± 0.002 | 628 | 0.814 | 650 | 0.4 |
| 64 | 0.01 | 1.5 | 6 | bsize=11 Δ=1.07 mv=4520 | 0.914 ± 0.002 | 674 | 0.857 | 734 | 0.4 |
| 64 | 0.01 | 1.5 | 7 | bsize=13 Δ=1.08 mv=4408 | 0.925 ± 0.002 | 729 | 0.877 | 805 | 0.3 |
| 64 | 0.01 | 1.5 | 8 | bsize=17 Δ=1.04 mv=4416 | 0.917 ± 0.002 | 750 | 0.857 | 785 | 0.4 |
| 64 | 0.01 | 3.0 | 1 | bsize=9 Δ=1.10 mv=4294 | 0.919 ± 0.002 | 688 | 0.880 | 783 | 0.3 |
| 64 | 0.01 | 3.0 | 2 | bsize=13 Δ=1.09 mv=3280 | 0.928 ± 0.002 | 746 | 0.887 | 839 | 0.3 |
| 64 | 0.01 | 3.0 | 3 | bsize=9 Δ=1.06 mv=4882 | 0.902 ± 0.002 | 625 | 0.843 | 677 | 0.3 |
| 64 | 0.01 | 3.0 | 4 | bsize=14 Δ=1.12 mv=5142 | 0.937 ± 0.002 | 832 | 0.912 | 981 | 0.3 |
| 64 | 0.01 | 3.0 | 5 | bsize=11 Δ=1.09 mv=5254 | 0.921 ± 0.002 | 708 | 0.874 | 789 | 0.3 |
| 64 | 0.01 | 3.0 | 6 | bsize=12 Δ=1.14 mv=5178 | 0.940 ± 0.002 | 851 | 0.918 | 1042 | 0.4 |
| 64 | 0.01 | 3.0 | 7 | bsize=13 Δ=1.13 mv=5912 | 0.940 ± 0.002 | 853 | 0.917 | 1021 | 0.4 |
| 64 | 0.01 | 3.0 | 8 | bsize=18 Δ=1.05 mv=4488 | 0.922 ± 0.002 | 777 | 0.865 | 819 | 0.5 |
| 64 | 0.01 | 10.0 | 1 | bsize=11 Δ=1.08 mv=4236 | 0.918 ± 0.002 | 690 | 0.865 | 762 | 0.4 |
| 64 | 0.01 | 10.0 | 2 | bsize=8 Δ=1.10 mv=2858 | 0.915 ± 0.002 | 667 | 0.871 | 758 | 0.3 |
| 64 | 0.01 | 10.0 | 3 | bsize=10 Δ=1.08 mv=5032 | 0.915 ± 0.002 | 672 | 0.861 | 743 | 0.4 |
| 64 | 0.01 | 10.0 | 4 | bsize=14 Δ=1.13 mv=5170 | 0.940 ± 0.002 | 861 | 0.919 | 1033 | 0.5 |
| 64 | 0.01 | 10.0 | 5 | bsize=11 Δ=1.10 mv=5554 | 0.925 ± 0.002 | 732 | 0.889 | 835 | 0.4 |
| 64 | 0.01 | 10.0 | 6 | bsize=14 Δ=1.14 mv=5478 | 0.942 ± 0.001 | 891 | 0.920 | 1092 | 0.4 |
| 64 | 0.01 | 10.0 | 7 | bsize=15 Δ=1.14 mv=6382 | 0.943 ± 0.001 | 912 | 0.922 | 1121 | 0.4 |
| 64 | 0.01 | 10.0 | 8 | bsize=19 Δ=1.10 mv=5376 | 0.939 ± 0.002 | 879 | 0.906 | 987 | 0.4 |
| 64 | 0.04 | 1.1 | 1 | bsize=8 Δ=1.09 mv=4234 | 0.911 ± 0.002 | 650 | 0.857 | 725 | 0.3 |
| 64 | 0.04 | 1.1 | 2 | bsize=6 Δ=1.10 mv=2692 | 0.904 ± 0.002 | 628 | 0.848 | 697 | 0.3 |
| 64 | 0.04 | 1.1 | 3 | bsize=8 Δ=1.06 mv=4856 | 0.898 ± 0.002 | 606 | 0.835 | 655 | 0.3 |
| 64 | 0.04 | 1.1 | 4 | bsize=8 Δ=1.05 mv=4302 | 0.892 ± 0.002 | 594 | 0.826 | 636 | 0.3 |
| 64 | 0.04 | 1.1 | 5 | bsize=7 Δ=1.08 mv=3022 | 0.900 ± 0.002 | 608 | 0.838 | 664 | 0.3 |
| 64 | 0.04 | 1.1 | 6 | bsize=8 Δ=1.08 mv=4380 | 0.907 ± 0.002 | 634 | 0.849 | 697 | 0.4 |
| 64 | 0.04 | 1.1 | 7 | bsize=11 Δ=1.05 mv=3508 | 0.906 ± 0.002 | 647 | 0.844 | 693 | 0.3 |
| 64 | 0.04 | 1.1 | 8 | bsize=7 Δ=1.04 mv=4196 | 0.881 ± 0.002 | 564 | 0.809 | 597 | 0.3 |
| 64 | 0.04 | 1.5 | 1 | bsize=11 Δ=1.08 mv=4236 | 0.918 ± 0.002 | 690 | 0.865 | 762 | 0.3 |
| 64 | 0.04 | 1.5 | 2 | bsize=11 Δ=1.10 mv=3242 | 0.924 ± 0.002 | 727 | 0.887 | 826 | 0.5 |
| 64 | 0.04 | 1.5 | 3 | bsize=10 Δ=1.09 mv=5174 | 0.919 ± 0.002 | 689 | 0.870 | 769 | 0.4 |
| 64 | 0.04 | 1.5 | 4 | bsize=14 Δ=1.13 mv=5170 | 0.940 ± 0.002 | 861 | 0.919 | 1033 | 0.4 |
| 64 | 0.04 | 1.5 | 5 | bsize=11 Δ=1.10 mv=5554 | 0.924 ± 0.002 | 727 | 0.887 | 826 | 0.4 |
| 64 | 0.04 | 1.5 | 6 | bsize=14 Δ=1.15 mv=5658 | 0.946 ± 0.001 | 944 | 0.925 | 1198 | 0.4 |
| 64 | 0.04 | 1.5 | 7 | bsize=14 Δ=1.13 mv=6148 | 0.941 ± 0.002 | 873 | 0.919 | 1050 | 0.5 |
| 64 | 0.04 | 1.5 | 8 | bsize=15 Δ=1.14 mv=6546 | 0.943 ± 0.001 | 912 | 0.922 | 1121 | 0.5 |
| 64 | 0.04 | 3.0 | 1 | bsize=13 Δ=1.13 mv=6956 | 0.940 ± 0.002 | 851 | 0.917 | 1019 | 0.6 |
| 64 | 0.04 | 3.0 | 2 | bsize=14 Δ=1.12 mv=3782 | 0.937 ± 0.002 | 832 | 0.911 | 980 | 0.4 |
| 64 | 0.04 | 3.0 | 3 | bsize=11 Δ=1.16 mv=7314 | 0.940 ± 0.002 | 883 | 0.918 | 1130 | 0.5 |
| 64 | 0.04 | 3.0 | 4 | bsize=14 Δ=1.30 mv=20490 | 0.964 ± 0.001 | 2079 | 0.959 | 3512 | 0.7 |
| 64 | 0.04 | 3.0 | 5 | bsize=10 Δ=1.19 mv=10952 | 0.944 ± 0.002 | 993 | 0.931 | 1370 | 0.5 |
| 64 | 0.04 | 3.0 | 6 | bsize=15 Δ=1.14 mv=5494 | 0.943 ± 0.001 | 912 | 0.922 | 1121 | 0.6 |
| 64 | 0.04 | 3.0 | 7 | bsize=14 Δ=1.16 mv=8186 | 0.947 ± 0.001 | 963 | 0.927 | 1234 | 0.5 |
| 64 | 0.04 | 3.0 | 8 | bsize=11 Δ=1.17 mv=6278 | 0.942 ± 0.002 | 931 | 0.924 | 1211 | 0.6 |
| 64 | 0.04 | 10.0 | 1 | bsize=14 Δ=1.29 mv=21318 | 0.963 ± 0.001 | 1952 | 0.958 | 3273 | 0.9 |
| 64 | 0.04 | 10.0 | 2 | bsize=8 Δ=1.27 mv=12012 | 0.954 ± 0.001 | 1445 | 0.944 | 2319 | 0.5 |
| 64 | 0.04 | 10.0 | 3 | bsize=15 Δ=1.16 mv=7874 | 0.948 ± 0.001 | 985 | 0.927 | 1259 | 0.5 |
| 64 | 0.04 | 10.0 | 4 | bsize=16 Δ=1.34 mv=40394 | 0.966 ± 0.001 | 2801 | 0.964 | 5173 | 0.7 |
| 64 | 0.04 | 10.0 | 5 | bsize=14 Δ=1.27 mv=21038 | 0.962 ± 0.001 | 1761 | 0.956 | 2943 | 0.6 |
| 64 | 0.04 | 10.0 | 6 | bsize=17 Δ=1.20 mv=11544 | 0.956 ± 0.001 | 1230 | 0.944 | 1750 | 0.6 |
| 64 | 0.04 | 10.0 | 7 | bsize=13 Δ=1.20 mv=8388 | 0.953 ± 0.001 | 1129 | 0.939 | 1585 | 0.4 |
| 64 | 0.04 | 10.0 | 8 | bsize=11 Δ=1.27 mv=12530 | 0.958 ± 0.001 | 1580 | 0.951 | 2595 | 0.6 |
| 64 | 0.0001 | 1.1 | 1 | bsize=9 Δ=1.04 mv=4196 | 0.893 ± 0.002 | 600 | 0.827 | 634 | 0.3 |
| 64 | 0.0001 | 1.1 | 2 | bsize=6 Δ=1.08 mv=2200 | 0.894 ± 0.002 | 594 | 0.830 | 642 | 0.3 |
| 64 | 0.0001 | 1.1 | 3 | bsize=6 Δ=1.05 mv=3772 | 0.877 ± 0.002 | 556 | 0.807 | 592 | 0.3 |
| 64 | 0.0001 | 1.1 | 4 | bsize=8 Δ=1.08 mv=4352 | 0.905 ± 0.002 | 627 | 0.846 | 686 | 0.3 |
| 64 | 0.0001 | 1.1 | 5 | bsize=4 Δ=1.10 mv=3348 | 0.877 ± 0.002 | 572 | 0.799 | 626 | 0.3 |
| 64 | 0.0001 | 1.1 | 6 | bsize=8 Δ=1.08 mv=4352 | 0.905 ± 0.002 | 627 | 0.846 | 686 | 0.3 |
| 64 | 0.0001 | 1.1 | 7 | bsize=11 Δ=1.05 mv=3508 | 0.905 ± 0.002 | 644 | 0.842 | 688 | 0.3 |
| 64 | 0.0001 | 1.1 | 8 | bsize=8 Δ=1.05 mv=4234 | 0.891 ± 0.002 | 591 | 0.825 | 631 | 0.3 |
| 64 | 0.0001 | 1.5 | 1 | bsize=9 Δ=1.05 mv=4234 | 0.896 ± 0.002 | 609 | 0.835 | 652 | 0.3 |
| 64 | 0.0001 | 1.5 | 2 | bsize=8 Δ=1.07 mv=2398 | 0.903 ± 0.002 | 620 | 0.842 | 674 | 0.4 |
| 64 | 0.0001 | 1.5 | 3 | bsize=8 Δ=1.01 mv=3598 | 0.866 ± 0.002 | 551 | 0.782 | 569 | 0.3 |
| 64 | 0.0001 | 1.5 | 4 | bsize=10 Δ=1.09 mv=4644 | 0.919 ± 0.002 | 689 | 0.870 | 769 | 0.3 |
| 64 | 0.0001 | 1.5 | 5 | bsize=10 Δ=1.03 mv=2700 | 0.892 ± 0.002 | 607 | 0.823 | 636 | 0.3 |
| 64 | 0.0001 | 1.5 | 6 | bsize=11 Δ=1.05 mv=4420 | 0.905 ± 0.002 | 644 | 0.842 | 688 | 0.4 |
| 64 | 0.0001 | 1.5 | 7 | bsize=12 Δ=1.05 mv=3508 | 0.911 ± 0.002 | 667 | 0.850 | 714 | 0.4 |
| 64 | 0.0001 | 1.5 | 8 | bsize=13 Δ=1.01 mv=4162 | 0.891 ± 0.002 | 647 | 0.815 | 666 | 0.3 |
| 64 | 0.0001 | 3.0 | 1 | bsize=9 Δ=1.06 mv=4234 | 0.902 ± 0.002 | 625 | 0.843 | 677 | 0.3 |
| 64 | 0.0001 | 3.0 | 2 | bsize=8 Δ=1.08 mv=2398 | 0.905 ± 0.002 | 627 | 0.846 | 686 | 0.3 |
| 64 | 0.0001 | 3.0 | 3 | bsize=5 Δ=1.08 mv=3794 | 0.881 ± 0.002 | 566 | 0.804 | 604 | 0.4 |
| 64 | 0.0001 | 3.0 | 4 | bsize=10 Δ=1.10 mv=4644 | 0.922 ± 0.002 | 708 | 0.883 | 806 | 0.4 |
| 64 | 0.0001 | 3.0 | 5 | bsize=4 Δ=1.10 mv=3348 | 0.877 ± 0.002 | 572 | 0.799 | 626 | 0.3 |
| 64 | 0.0001 | 3.0 | 6 | bsize=8 Δ=1.08 mv=4380 | 0.907 ± 0.002 | 634 | 0.849 | 697 | 0.3 |
| 64 | 0.0001 | 3.0 | 7 | bsize=11 Δ=1.06 mv=3508 | 0.910 ± 0.002 | 660 | 0.851 | 713 | 0.3 |
| 64 | 0.0001 | 3.0 | 8 | bsize=8 Δ=1.10 mv=4294 | 0.915 ± 0.002 | 667 | 0.871 | 758 | 0.3 |
| 64 | 0.0001 | 10.0 | 1 | bsize=9 Δ=1.05 mv=4234 | 0.897 ± 0.002 | 612 | 0.836 | 657 | 0.5 |
| 64 | 0.0001 | 10.0 | 2 | bsize=10 Δ=1.05 mv=2592 | 0.902 ± 0.002 | 629 | 0.838 | 674 | 0.3 |
| 64 | 0.0001 | 10.0 | 3 | bsize=9 Δ=1.01 mv=3600 | 0.873 ± 0.002 | 570 | 0.792 | 589 | 0.4 |
| 64 | 0.0001 | 10.0 | 4 | bsize=10 Δ=1.09 mv=4644 | 0.919 ± 0.002 | 689 | 0.870 | 769 | 0.4 |
| 64 | 0.0001 | 10.0 | 5 | bsize=8 Δ=1.06 mv=2870 | 0.898 ± 0.002 | 606 | 0.835 | 655 | 0.4 |
| 64 | 0.0001 | 10.0 | 6 | bsize=8 Δ=1.10 mv=4538 | 0.916 ± 0.002 | 672 | 0.873 | 766 | 0.5 |
| 64 | 0.0001 | 10.0 | 7 | bsize=12 Δ=1.08 mv=4328 | 0.923 ± 0.002 | 710 | 0.872 | 786 | 0.4 |
| 64 | 0.0001 | 10.0 | 8 | bsize=10 Δ=1.08 mv=4234 | 0.913 ± 0.002 | 664 | 0.858 | 730 | 0.4 |
| 256 | auto | 1.1 | 1 | bsize=8 Δ=1.08 mv=4234 | 0.905 ± 0.002 | 627 | 0.846 | 686 | 1.0 |
| 256 | auto | 1.1 | 2 | bsize=6 Δ=1.08 mv=3598 | 0.894 ± 0.002 | 594 | 0.830 | 642 | 1.1 |
| 256 | auto | 1.1 | 3 | bsize=8 Δ=1.08 mv=4946 | 0.905 ± 0.002 | 627 | 0.846 | 686 | 1.0 |
| 256 | auto | 1.1 | 4 | bsize=6 Δ=1.09 mv=4270 | 0.898 ± 0.002 | 608 | 0.837 | 663 | 0.9 |
| 256 | auto | 1.1 | 5 | bsize=8 Δ=1.08 mv=4380 | 0.906 ± 0.002 | 629 | 0.847 | 690 | 1.1 |
| 256 | auto | 1.1 | 6 | bsize=8 Δ=1.08 mv=4380 | 0.907 ± 0.002 | 634 | 0.849 | 697 | 1.0 |
| 256 | auto | 1.1 | 7 | bsize=11 Δ=1.08 mv=5194 | 0.918 ± 0.002 | 690 | 0.865 | 762 | 1.0 |
| 256 | auto | 1.1 | 8 | bsize=6 Δ=1.08 mv=4228 | 0.894 ± 0.002 | 594 | 0.830 | 642 | 0.9 |
| 256 | auto | 1.5 | 1 | bsize=10 Δ=1.09 mv=4288 | 0.919 ± 0.002 | 689 | 0.870 | 769 | 1.1 |
| 256 | auto | 1.5 | 2 | bsize=10 Δ=1.08 mv=3826 | 0.915 ± 0.002 | 672 | 0.861 | 743 | 1.0 |
| 256 | auto | 1.5 | 3 | bsize=9 Δ=1.10 mv=5120 | 0.919 ± 0.002 | 688 | 0.880 | 783 | 1.0 |
| 256 | auto | 1.5 | 4 | bsize=10 Δ=1.10 mv=5180 | 0.922 ± 0.002 | 708 | 0.883 | 806 | 1.0 |
| 256 | auto | 1.5 | 5 | bsize=8 Δ=1.10 mv=5044 | 0.915 ± 0.002 | 667 | 0.871 | 758 | 1.0 |
| 256 | auto | 1.5 | 6 | bsize=11 Δ=1.08 mv=4548 | 0.918 ± 0.002 | 690 | 0.865 | 762 | 1.0 |
| 256 | auto | 1.5 | 7 | bsize=10 Δ=1.11 mv=5180 | 0.925 ± 0.002 | 727 | 0.892 | 845 | 1.1 |
| 256 | auto | 1.5 | 8 | bsize=9 Δ=1.10 mv=5120 | 0.919 ± 0.002 | 688 | 0.880 | 783 | 1.0 |
| 256 | auto | 3.0 | 1 | bsize=10 Δ=1.13 mv=5472 | 0.930 ± 0.002 | 772 | 0.904 | 922 | 1.1 |
| 256 | auto | 3.0 | 2 | bsize=14 Δ=1.09 mv=5824 | 0.929 ± 0.002 | 764 | 0.888 | 856 | 1.0 |
| 256 | auto | 3.0 | 3 | bsize=11 Δ=1.13 mv=7552 | 0.933 ± 0.002 | 797 | 0.907 | 950 | 1.2 |
| 256 | auto | 3.0 | 4 | bsize=11 Δ=1.13 mv=7552 | 0.933 ± 0.002 | 797 | 0.907 | 950 | 1.1 |
| 256 | auto | 3.0 | 5 | bsize=6 Δ=1.13 mv=4988 | 0.914 ± 0.002 | 679 | 0.870 | 795 | 1.0 |
| 256 | auto | 3.0 | 6 | bsize=11 Δ=1.11 mv=5728 | 0.927 ± 0.002 | 748 | 0.895 | 866 | 1.2 |
| 256 | auto | 3.0 | 7 | bsize=11 Δ=1.13 mv=5652 | 0.933 ± 0.002 | 797 | 0.907 | 950 | 1.2 |
| 256 | auto | 3.0 | 8 | bsize=11 Δ=1.12 mv=7060 | 0.930 ± 0.002 | 771 | 0.902 | 911 | 1.2 |
| 256 | auto | 10.0 | 1 | bsize=15 Δ=1.14 mv=8032 | 0.943 ± 0.001 | 912 | 0.922 | 1121 | 1.3 |
| 256 | auto | 10.0 | 2 | bsize=8 Δ=1.15 mv=7438 | 0.932 ± 0.002 | 801 | 0.902 | 994 | 1.1 |
| 256 | auto | 10.0 | 3 | bsize=14 Δ=1.12 mv=6686 | 0.937 ± 0.002 | 832 | 0.912 | 981 | 1.1 |
| 256 | auto | 10.0 | 4 | bsize=12 Δ=1.13 mv=7676 | 0.937 ± 0.002 | 821 | 0.915 | 986 | 1.1 |
| 256 | auto | 10.0 | 5 | bsize=11 Δ=1.13 mv=7852 | 0.933 ± 0.002 | 797 | 0.907 | 950 | 1.2 |
| 256 | auto | 10.0 | 6 | bsize=15 Δ=1.16 mv=12488 | 0.948 ± 0.001 | 985 | 0.927 | 1259 | 1.2 |
| 256 | auto | 10.0 | 7 | bsize=12 Δ=1.16 mv=7668 | 0.944 ± 0.001 | 919 | 0.924 | 1182 | 1.1 |
| 256 | auto | 10.0 | 8 | bsize=8 Δ=1.15 mv=7438 | 0.932 ± 0.002 | 801 | 0.902 | 994 | 1.0 |
| 256 | 0.01 | 1.1 | 1 | bsize=8 Δ=1.08 mv=4234 | 0.906 ± 0.002 | 629 | 0.847 | 690 | 1.0 |
| 256 | 0.01 | 1.1 | 2 | bsize=5 Δ=1.08 mv=3598 | 0.884 ± 0.002 | 573 | 0.806 | 612 | 0.9 |
| 256 | 0.01 | 1.1 | 3 | bsize=7 Δ=1.08 mv=4656 | 0.902 ± 0.002 | 615 | 0.839 | 674 | 1.0 |
| 256 | 0.01 | 1.1 | 4 | bsize=6 Δ=1.09 mv=4270 | 0.898 ± 0.002 | 608 | 0.837 | 663 | 1.1 |
| 256 | 0.01 | 1.1 | 5 | bsize=7 Δ=1.08 mv=4292 | 0.902 ± 0.002 | 615 | 0.839 | 674 | 1.0 |
| 256 | 0.01 | 1.1 | 6 | bsize=8 Δ=1.08 mv=4380 | 0.907 ± 0.002 | 634 | 0.849 | 697 | 0.9 |
| 256 | 0.01 | 1.1 | 7 | bsize=8 Δ=1.08 mv=4946 | 0.907 ± 0.002 | 634 | 0.849 | 697 | 0.9 |
| 256 | 0.01 | 1.1 | 8 | bsize=8 Δ=1.06 mv=4856 | 0.898 ± 0.002 | 606 | 0.835 | 655 | 0.9 |
| 256 | 0.01 | 1.5 | 1 | bsize=8 Δ=1.10 mv=4464 | 0.916 ± 0.002 | 672 | 0.873 | 766 | 1.0 |
| 256 | 0.01 | 1.5 | 2 | bsize=12 Δ=1.06 mv=3898 | 0.915 ± 0.002 | 680 | 0.858 | 735 | 1.0 |
| 256 | 0.01 | 1.5 | 3 | bsize=12 Δ=1.06 mv=5318 | 0.915 ± 0.002 | 680 | 0.858 | 735 | 1.1 |
| 256 | 0.01 | 1.5 | 4 | bsize=10 Δ=1.09 mv=5174 | 0.919 ± 0.002 | 689 | 0.870 | 769 | 1.0 |
| 256 | 0.01 | 1.5 | 5 | bsize=13 Δ=1.08 mv=4740 | 0.923 ± 0.002 | 720 | 0.874 | 790 | 1.1 |
| 256 | 0.01 | 1.5 | 6 | bsize=10 Δ=1.08 mv=4522 | 0.915 ± 0.002 | 672 | 0.861 | 743 | 1.0 |
| 256 | 0.01 | 1.5 | 7 | bsize=11 Δ=1.08 mv=5194 | 0.918 ± 0.002 | 690 | 0.865 | 762 | 1.1 |
| 256 | 0.01 | 1.5 | 8 | bsize=10 Δ=1.10 mv=5180 | 0.922 ± 0.002 | 708 | 0.883 | 806 | 1.0 |
| 256 | 0.01 | 3.0 | 1 | bsize=10 Δ=1.10 mv=4574 | 0.923 ± 0.002 | 712 | 0.884 | 815 | 1.2 |
| 256 | 0.01 | 3.0 | 2 | bsize=12 Δ=1.08 mv=4906 | 0.923 ± 0.002 | 710 | 0.872 | 786 | 1.1 |
| 256 | 0.01 | 3.0 | 3 | bsize=9 Δ=1.10 mv=5120 | 0.919 ± 0.002 | 688 | 0.880 | 783 | 1.1 |
| 256 | 0.01 | 3.0 | 4 | bsize=10 Δ=1.10 mv=5180 | 0.922 ± 0.002 | 708 | 0.883 | 806 | 1.0 |
| 256 | 0.01 | 3.0 | 5 | bsize=9 Δ=1.10 mv=5194 | 0.919 ± 0.002 | 688 | 0.880 | 783 | 1.0 |
| 256 | 0.01 | 3.0 | 6 | bsize=11 Δ=1.09 mv=5254 | 0.921 ± 0.002 | 708 | 0.874 | 789 | 1.1 |
| 256 | 0.01 | 3.0 | 7 | bsize=11 Δ=1.08 mv=5194 | 0.918 ± 0.002 | 690 | 0.865 | 762 | 1.0 |
| 256 | 0.01 | 3.0 | 8 | bsize=9 Δ=1.10 mv=5120 | 0.919 ± 0.002 | 688 | 0.880 | 783 | 1.0 |
| 256 | 0.01 | 10.0 | 1 | bsize=8 Δ=1.13 mv=5398 | 0.924 ± 0.002 | 727 | 0.888 | 865 | 1.0 |
| 256 | 0.01 | 10.0 | 2 | bsize=11 Δ=1.08 mv=4854 | 0.918 ± 0.002 | 690 | 0.865 | 762 | 1.1 |
| 256 | 0.01 | 10.0 | 3 | bsize=13 Δ=1.08 mv=5552 | 0.923 ± 0.002 | 720 | 0.874 | 790 | 1.1 |
| 256 | 0.01 | 10.0 | 4 | bsize=10 Δ=1.13 mv=5456 | 0.931 ± 0.002 | 776 | 0.905 | 927 | 1.1 |
| 256 | 0.01 | 10.0 | 5 | bsize=9 Δ=1.10 mv=5194 | 0.919 ± 0.002 | 688 | 0.880 | 783 | 1.0 |
| 256 | 0.01 | 10.0 | 6 | bsize=6 Δ=1.15 mv=6088 | 0.922 ± 0.002 | 741 | 0.887 | 915 | 1.1 |
| 256 | 0.01 | 10.0 | 7 | bsize=8 Δ=1.14 mv=5566 | 0.927 ± 0.002 | 757 | 0.893 | 912 | 1.1 |
| 256 | 0.01 | 10.0 | 8 | bsize=11 Δ=1.08 mv=5194 | 0.918 ± 0.002 | 690 | 0.865 | 762 | 1.1 |
| 256 | 0.04 | 1.1 | 1 | bsize=8 Δ=1.05 mv=4234 | 0.892 ± 0.002 | 594 | 0.826 | 636 | 1.1 |
| 256 | 0.04 | 1.1 | 2 | bsize=6 Δ=1.08 mv=3598 | 0.894 ± 0.002 | 594 | 0.830 | 642 | 1.0 |
| 256 | 0.04 | 1.1 | 3 | bsize=8 Δ=1.08 mv=4946 | 0.907 ± 0.002 | 634 | 0.849 | 697 | 1.0 |
| 256 | 0.04 | 1.1 | 4 | bsize=5 Δ=1.09 mv=4238 | 0.888 ± 0.002 | 586 | 0.814 | 633 | 1.0 |
| 256 | 0.04 | 1.1 | 5 | bsize=9 Δ=1.08 mv=4432 | 0.912 ± 0.002 | 654 | 0.858 | 724 | 1.1 |
| 256 | 0.04 | 1.1 | 6 | bsize=8 Δ=1.08 mv=4380 | 0.906 ± 0.002 | 629 | 0.847 | 690 | 1.0 |
| 256 | 0.04 | 1.1 | 7 | bsize=8 Δ=1.08 mv=4946 | 0.907 ± 0.002 | 634 | 0.849 | 697 | 0.9 |
| 256 | 0.04 | 1.1 | 8 | bsize=8 Δ=1.08 mv=4946 | 0.907 ± 0.002 | 634 | 0.849 | 697 | 1.1 |
| 256 | 0.04 | 1.5 | 1 | bsize=10 Δ=1.13 mv=5472 | 0.930 ± 0.002 | 772 | 0.904 | 922 | 1.0 |
| 256 | 0.04 | 1.5 | 2 | bsize=11 Δ=1.13 mv=7552 | 0.933 ± 0.002 | 797 | 0.907 | 950 | 1.3 |
| 256 | 0.04 | 1.5 | 3 | bsize=11 Δ=1.10 mv=5826 | 0.925 ± 0.002 | 732 | 0.889 | 835 | 1.0 |
| 256 | 0.04 | 1.5 | 4 | bsize=8 Δ=1.13 mv=5096 | 0.924 ± 0.002 | 731 | 0.888 | 872 | 1.1 |
| 256 | 0.04 | 1.5 | 5 | bsize=10 Δ=1.10 mv=5458 | 0.922 ± 0.002 | 708 | 0.883 | 806 | 1.0 |
| 256 | 0.04 | 1.5 | 6 | bsize=14 Δ=1.14 mv=10012 | 0.942 ± 0.001 | 891 | 0.920 | 1092 | 1.2 |
| 256 | 0.04 | 1.5 | 7 | bsize=13 Δ=1.14 mv=6016 | 0.942 ± 0.001 | 872 | 0.919 | 1061 | 1.1 |
| 256 | 0.04 | 1.5 | 8 | bsize=11 Δ=1.10 mv=5826 | 0.925 ± 0.002 | 732 | 0.889 | 835 | 1.0 |
| 256 | 0.04 | 3.0 | 1 | bsize=14 Δ=1.16 mv=8822 | 0.947 ± 0.001 | 963 | 0.927 | 1234 | 1.4 |
| 256 | 0.04 | 3.0 | 2 | bsize=15 Δ=1.13 mv=7990 | 0.941 ± 0.001 | 881 | 0.920 | 1059 | 1.3 |
| 256 | 0.04 | 3.0 | 3 | bsize=14 Δ=1.15 mv=8342 | 0.946 ± 0.001 | 944 | 0.926 | 1199 | 1.3 |
| 256 | 0.04 | 3.0 | 4 | bsize=15 Δ=1.16 mv=9998 | 0.948 ± 0.001 | 985 | 0.927 | 1259 | 1.3 |
| 256 | 0.04 | 3.0 | 5 | bsize=14 Δ=1.16 mv=11222 | 0.947 ± 0.001 | 963 | 0.927 | 1234 | 1.3 |
| 256 | 0.04 | 3.0 | 6 | bsize=15 Δ=1.16 mv=12488 | 0.948 ± 0.001 | 985 | 0.927 | 1259 | 1.3 |
| 256 | 0.04 | 3.0 | 7 | bsize=15 Δ=1.14 mv=6382 | 0.943 ± 0.001 | 912 | 0.922 | 1121 | 1.2 |
| 256 | 0.04 | 3.0 | 8 | bsize=12 Δ=1.16 mv=8946 | 0.944 ± 0.001 | 919 | 0.924 | 1182 | 1.1 |
| 256 | 0.04 | 10.0 | 1 | bsize=14 Δ=1.19 mv=14400 | 0.952 ± 0.001 | 1098 | 0.940 | 1531 | 1.6 |
| 256 | 0.04 | 10.0 | 2 | bsize=14 Δ=1.17 mv=7872 | 0.948 ± 0.001 | 1004 | 0.932 | 1323 | 1.3 |
| 256 | 0.04 | 10.0 | 3 | bsize=15 Δ=1.18 mv=13560 | 0.951 ± 0.001 | 1073 | 0.936 | 1447 | 1.4 |
| 256 | 0.04 | 10.0 | 4 | bsize=13 Δ=1.23 mv=18674 | 0.957 ± 0.001 | 1330 | 0.946 | 2002 | 1.9 |
| 256 | 0.04 | 10.0 | 5 | bsize=14 Δ=1.19 mv=14400 | 0.952 ± 0.001 | 1098 | 0.940 | 1531 | 1.4 |
| 256 | 0.04 | 10.0 | 6 | bsize=19 Δ=1.18 mv=11238 | 0.955 ± 0.001 | 1163 | 0.940 | 1570 | 1.3 |
| 256 | 0.04 | 10.0 | 7 | bsize=14 Δ=1.20 mv=14880 | 0.953 ± 0.001 | 1154 | 0.941 | 1648 | 1.3 |
| 256 | 0.04 | 10.0 | 8 | bsize=14 Δ=1.25 mv=21276 | 0.960 ± 0.001 | 1528 | 0.952 | 2410 | 1.4 |
| 256 | 0.0001 | 1.1 | 1 | bsize=8 Δ=1.08 mv=4234 | 0.905 ± 0.002 | 627 | 0.846 | 686 | 1.0 |
| 256 | 0.0001 | 1.1 | 2 | bsize=6 Δ=1.07 mv=3598 | 0.889 ± 0.002 | 581 | 0.824 | 626 | 1.0 |
| 256 | 0.0001 | 1.1 | 3 | bsize=9 Δ=1.06 mv=4882 | 0.902 ± 0.002 | 625 | 0.843 | 677 | 0.9 |
| 256 | 0.0001 | 1.1 | 4 | bsize=6 Δ=1.10 mv=4304 | 0.904 ± 0.002 | 628 | 0.848 | 697 | 1.1 |
| 256 | 0.0001 | 1.1 | 5 | bsize=6 Δ=1.08 mv=4246 | 0.894 ± 0.002 | 594 | 0.830 | 642 | 1.0 |
| 256 | 0.0001 | 1.1 | 6 | bsize=8 Δ=1.07 mv=4352 | 0.903 ± 0.002 | 620 | 0.842 | 674 | 1.1 |
| 256 | 0.0001 | 1.1 | 7 | bsize=11 Δ=1.05 mv=5008 | 0.906 ± 0.002 | 647 | 0.844 | 693 | 1.1 |
| 256 | 0.0001 | 1.1 | 8 | bsize=12 Δ=1.01 mv=4152 | 0.889 ± 0.002 | 628 | 0.814 | 650 | 1.0 |
| 256 | 0.0001 | 1.5 | 1 | bsize=11 Δ=1.04 mv=4198 | 0.901 ± 0.002 | 636 | 0.834 | 670 | 1.0 |
| 256 | 0.0001 | 1.5 | 2 | bsize=9 Δ=1.06 mv=3644 | 0.902 ± 0.002 | 625 | 0.843 | 677 | 1.0 |
| 256 | 0.0001 | 1.5 | 3 | bsize=10 Δ=1.05 mv=4870 | 0.902 ± 0.002 | 629 | 0.838 | 674 | 0.9 |
| 256 | 0.0001 | 1.5 | 4 | bsize=11 Δ=1.06 mv=5104 | 0.910 ± 0.002 | 660 | 0.851 | 713 | 1.0 |
| 256 | 0.0001 | 1.5 | 5 | bsize=10 Δ=1.05 mv=4394 | 0.901 ± 0.002 | 627 | 0.837 | 670 | 1.1 |
| 256 | 0.0001 | 1.5 | 6 | bsize=7 Δ=1.10 mv=4378 | 0.910 ± 0.002 | 646 | 0.858 | 731 | 1.1 |
| 256 | 0.0001 | 1.5 | 7 | bsize=11 Δ=1.06 mv=5104 | 0.910 ± 0.002 | 660 | 0.851 | 713 | 1.1 |
| 256 | 0.0001 | 1.5 | 8 | bsize=10 Δ=1.04 mv=4196 | 0.897 ± 0.002 | 618 | 0.830 | 651 | 1.1 |
| 256 | 0.0001 | 3.0 | 1 | bsize=8 Δ=1.08 mv=4234 | 0.905 ± 0.002 | 627 | 0.846 | 686 | 1.0 |
| 256 | 0.0001 | 3.0 | 2 | bsize=9 Δ=1.06 mv=3644 | 0.902 ± 0.002 | 625 | 0.843 | 677 | 1.0 |
| 256 | 0.0001 | 3.0 | 3 | bsize=10 Δ=1.05 mv=4870 | 0.902 ± 0.002 | 629 | 0.838 | 674 | 1.0 |
| 256 | 0.0001 | 3.0 | 4 | bsize=6 Δ=1.10 mv=4288 | 0.903 ± 0.002 | 624 | 0.847 | 691 | 1.0 |
| 256 | 0.0001 | 3.0 | 5 | bsize=11 Δ=1.06 mv=4508 | 0.910 ± 0.002 | 660 | 0.851 | 713 | 1.0 |
| 256 | 0.0001 | 3.0 | 6 | bsize=12 Δ=1.05 mv=4682 | 0.911 ± 0.002 | 667 | 0.850 | 714 | 1.1 |
| 256 | 0.0001 | 3.0 | 7 | bsize=6 Δ=1.10 mv=4270 | 0.903 ± 0.002 | 624 | 0.847 | 691 | 1.0 |
| 256 | 0.0001 | 3.0 | 8 | bsize=8 Δ=1.08 mv=4946 | 0.906 ± 0.002 | 629 | 0.847 | 690 | 1.0 |
| 256 | 0.0001 | 10.0 | 1 | bsize=10 Δ=1.05 mv=4234 | 0.902 ± 0.002 | 629 | 0.838 | 674 | 1.0 |
| 256 | 0.0001 | 10.0 | 2 | bsize=10 Δ=1.05 mv=3600 | 0.902 ± 0.002 | 629 | 0.838 | 674 | 1.2 |
| 256 | 0.0001 | 10.0 | 3 | bsize=10 Δ=1.05 mv=4870 | 0.902 ± 0.002 | 629 | 0.838 | 674 | 1.0 |
| 256 | 0.0001 | 10.0 | 4 | bsize=10 Δ=1.08 mv=5032 | 0.913 ± 0.002 | 664 | 0.858 | 730 | 1.1 |
| 256 | 0.0001 | 10.0 | 5 | bsize=10 Δ=1.05 mv=4448 | 0.902 ± 0.002 | 629 | 0.838 | 674 | 1.2 |
| 256 | 0.0001 | 10.0 | 6 | bsize=9 Δ=1.06 mv=4390 | 0.902 ± 0.002 | 625 | 0.843 | 677 | 1.0 |
| 256 | 0.0001 | 10.0 | 7 | bsize=11 Δ=1.06 mv=5104 | 0.910 ± 0.002 | 660 | 0.851 | 713 | 0.9 |
| 256 | 0.0001 | 10.0 | 8 | bsize=10 Δ=1.05 mv=4870 | 0.902 ± 0.002 | 629 | 0.838 | 674 | 0.9 |
Precompiling packages...
   8868.2 ms  ✓ SimilaritySearch
  1 dependency successfully precompiled in 9 seconds. 97 already precompiled.
[ Info: 2026-10-02T13:25:15.803 ccnews n=603664 dim=384 threads=64; itest 11000 otest 11000
[ Info: 2026-10-02T13:26:01.808 built in 44.8 s; construction left BeamSearch(bsize=17, Δ=1.0666667, maxvisits=3826)

SUMMARY (mean ± std across 8 seeds; target recall 0.9 on held-out in-distribution queries)
| numqueries | width | tradeoff | recall_i | visits_i | recall_o | visits_o | bsize range |
|---|---|---|---|---|---|---|---|
| 64 | auto | 1.1 | 0.889 ± 0.017 | 593 ± 39 | 0.818 ± 0.030 | 634 ± 53 | 4-11 |
| 64 | auto | 1.5 | 0.928 ± 0.013 | 769 ± 94 | 0.893 ± 0.026 | 905 ± 146 | 6-14 |
| 64 | auto | 3.0 | 0.945 ± 0.008 | 1025 ± 360 | 0.924 ± 0.015 | 1404 ± 787 | 11-14 |
| 64 | auto | 10.0 | 0.952 ± 0.009 | 1342 ± 436 | 0.940 ± 0.016 | 2068 ± 915 | 8-15 |
| 64 | 0.01 | 1.1 | 0.891 ± 0.017 | 602 ± 41 | 0.823 ± 0.026 | 642 ± 54 | 6-11 |
| 64 | 0.01 | 1.5 | 0.912 ± 0.013 | 686 ± 52 | 0.859 ± 0.024 | 759 ± 85 | 6-17 |
| 64 | 0.01 | 3.0 | 0.926 ± 0.013 | 760 ± 84 | 0.887 ± 0.027 | 869 ± 131 | 9-18 |
| 64 | 0.01 | 10.0 | 0.930 ± 0.013 | 788 ± 107 | 0.894 ± 0.026 | 916 ± 159 | 8-19 |
| 64 | 0.04 | 1.1 | 0.900 ± 0.010 | 617 ± 29 | 0.838 ± 0.015 | 671 ± 41 | 6-11 |
| 64 | 0.04 | 1.5 | 0.932 ± 0.012 | 803 ± 105 | 0.899 ± 0.025 | 948 ± 172 | 10-15 |
| 64 | 0.04 | 3.0 | 0.945 ± 0.008 | 1055 ± 417 | 0.926 ± 0.015 | 1447 ± 844 | 10-15 |
| 64 | 0.04 | 10.0 | 0.957 ± 0.006 | 1610 ± 580 | 0.948 ± 0.012 | 2612 ± 1243 | 8-17 |
| 64 | 0.0001 | 1.1 | 0.893 ± 0.012 | 602 ± 30 | 0.828 ± 0.018 | 648 ± 35 | 4-11 |
| 64 | 0.0001 | 1.5 | 0.898 ± 0.016 | 629 ± 42 | 0.832 ± 0.026 | 671 ± 58 | 8-13 |
| 64 | 0.0001 | 3.0 | 0.902 ± 0.016 | 633 ± 47 | 0.843 ± 0.029 | 696 ± 66 | 4-11 |
| 64 | 0.0001 | 10.0 | 0.905 ± 0.016 | 644 ± 47 | 0.847 ± 0.028 | 703 ± 70 | 8-12 |
| 256 | auto | 1.1 | 0.904 ± 0.008 | 626 ± 31 | 0.844 ± 0.012 | 684 ± 38 | 6-11 |
| 256 | auto | 1.5 | 0.919 ± 0.003 | 691 ± 19 | 0.875 ± 0.010 | 781 ± 32 | 8-11 |
| 256 | auto | 3.0 | 0.928 ± 0.006 | 765 ± 39 | 0.898 ± 0.013 | 900 ± 56 | 6-14 |
| 256 | auto | 10.0 | 0.938 ± 0.006 | 858 ± 71 | 0.914 ± 0.010 | 1058 ± 114 | 8-15 |
| 256 | 0.01 | 1.1 | 0.900 ± 0.008 | 614 ± 20 | 0.838 ± 0.014 | 670 ± 28 | 5-8 |
| 256 | 0.01 | 1.5 | 0.918 ± 0.003 | 689 ± 17 | 0.868 ± 0.009 | 763 ± 26 | 8-13 |
| 256 | 0.01 | 3.0 | 0.921 ± 0.002 | 699 ± 11 | 0.877 ± 0.006 | 789 ± 16 | 9-12 |
| 256 | 0.01 | 10.0 | 0.923 ± 0.004 | 724 ± 33 | 0.882 ± 0.014 | 840 ± 73 | 6-13 |
| 256 | 0.04 | 1.1 | 0.902 ± 0.009 | 620 ± 25 | 0.840 ± 0.015 | 677 ± 35 | 5-9 |
| 256 | 0.04 | 1.5 | 0.930 ± 0.008 | 779 ± 69 | 0.900 ± 0.015 | 922 ± 107 | 8-14 |
| 256 | 0.04 | 3.0 | 0.945 ± 0.002 | 944 ± 37 | 0.925 ± 0.003 | 1193 ± 71 | 12-15 |
| 256 | 0.04 | 10.0 | 0.953 ± 0.004 | 1181 ± 169 | 0.941 ± 0.006 | 1683 ± 354 | 13-19 |
| 256 | 0.0001 | 1.1 | 0.899 ± 0.007 | 619 ± 21 | 0.836 ± 0.012 | 668 ± 26 | 6-12 |
| 256 | 0.0001 | 1.5 | 0.904 ± 0.005 | 638 ± 16 | 0.843 ± 0.010 | 687 ± 28 | 7-11 |
| 256 | 0.0001 | 3.0 | 0.905 ± 0.004 | 636 ± 18 | 0.846 ± 0.004 | 692 ± 15 | 6-12 |
| 256 | 0.0001 | 10.0 | 0.905 ± 0.004 | 637 ± 16 | 0.843 ± 0.008 | 686 ± 22 | 9-11 |
exit 0
